The target system is: Generic -  - arm
The host system is: Linux - 6.8.0-87-generic - x86_64
Compiling the C compiler identification source file "CMakeCCompilerId.c" succeeded.
Compiler: /home/ubuntu22/.local/share/stm32cube/bundles/gnu-tools-for-stm32/14.3.1+st.2/bin/arm-none-eabi-gcc 
Build flags: ;-mcpu=cortex-m3;;-Wall;-fdata-sections;-ffunction-sections
Id flags: -c 

The output was:
0


Compilation of the C compiler identification source "CMakeCCompilerId.c" produced "CMakeCCompilerId.o"

The C compiler identification is GNU, found in "/home/ubuntu22/Desktop/STM32_LED/build_rel_make/CMakeFiles/3.22.1/CompilerIdC/CMakeCCompilerId.o"

Compiling the CXX compiler identification source file "CMakeCXXCompilerId.cpp" succeeded.
Compiler: /home/ubuntu22/.local/share/stm32cube/bundles/gnu-tools-for-stm32/14.3.1+st.2/bin/arm-none-eabi-g++ 
Build flags: ;-mcpu=cortex-m3;;-Wall;-fdata-sections;-ffunction-sections;-fno-rtti;-fno-exceptions;-fno-threadsafe-statics
Id flags: -c 

The output was:
0


Compilation of the CXX compiler identification source "CMakeCXXCompilerId.cpp" produced "CMakeCXXCompilerId.o"

The CXX compiler identification is GNU, found in "/home/ubuntu22/Desktop/STM32_LED/build_rel_make/CMakeFiles/3.22.1/CompilerIdCXX/CMakeCXXCompilerId.o"

Detecting C compiler ABI info compiled with the following output:
Change Dir: /home/ubuntu22/Desktop/STM32_LED/build_rel_make/CMakeFiles/CMakeTmp

Run Build Command(s):/usr/bin/gmake -f Makefile cmTC_c317f/fast && /usr/bin/gmake  -f CMakeFiles/cmTC_c317f.dir/build.make CMakeFiles/cmTC_c317f.dir/build
gmake[1]: Entering directory '/home/ubuntu22/Desktop/STM32_LED/build_rel_make/CMakeFiles/CMakeTmp'
Building C object CMakeFiles/cmTC_c317f.dir/CMakeCCompilerABI.c.obj
/home/ubuntu22/.local/share/stm32cube/bundles/gnu-tools-for-stm32/14.3.1+st.2/bin/arm-none-eabi-gcc   -mcpu=cortex-m3  -Wall -fdata-sections -ffunction-sections    -v -std=gnu11 -o CMakeFiles/cmTC_c317f.dir/CMakeCCompilerABI.c.obj -c /usr/share/cmake-3.22/Modules/CMakeCCompilerABI.c
Using built-in specs.
COLLECT_GCC=/home/ubuntu22/.local/share/stm32cube/bundles/gnu-tools-for-stm32/14.3.1+st.2/bin/arm-none-eabi-gcc
Target: arm-none-eabi
Configured with: /build/gnu-tools-for-stm32_14.3.rel1.20251027-0700/src/gcc/configure --target=arm-none-eabi --prefix=/build/gnu-tools-for-stm32_14.3.rel1.20251027-0700/install-native --libexecdir=/build/gnu-tools-for-stm32_14.3.rel1.20251027-0700/install-native/lib --infodir=/build/gnu-tools-for-stm32_14.3.rel1.20251027-0700/install-native/share/doc/gcc-arm-none-eabi/info --mandir=/build/gnu-tools-for-stm32_14.3.rel1.20251027-0700/install-native/share/doc/gcc-arm-none-eabi/man --htmldir=/build/gnu-tools-for-stm32_14.3.rel1.20251027-0700/install-native/share/doc/gcc-arm-none-eabi/html --pdfdir=/build/gnu-tools-for-stm32_14.3.rel1.20251027-0700/install-native/share/doc/gcc-arm-none-eabi/pdf --enable-checking=release --enable-languages=c,c++ --enable-plugins --disable-decimal-float --disable-libffi --disable-libgomp --disable-libmudflap --disable-libquadmath --disable-libssp --disable-libstdcxx-pch --disable-nls --disable-shared --disable-threads --disable-tls --with-gnu-as --with-gnu-ld --with-newlib --with-headers=yes --with-python-dir=share/gcc-arm-none-eabi --with-sysroot=/build/gnu-tools-for-stm32_14.3.rel1.20251027-0700/install-native/arm-none-eabi --with-zstd=no --build=x86_64-linux-gnu --host=x86_64-linux-gnu --with-gmp=/build/gnu-tools-for-stm32_14.3.rel1.20251027-0700/build-native/host-libs/usr --with-mpfr=/build/gnu-tools-for-stm32_14.3.rel1.20251027-0700/build-native/host-libs/usr --with-mpc=/build/gnu-tools-for-stm32_14.3.rel1.20251027-0700/build-native/host-libs/usr --with-isl=/build/gnu-tools-for-stm32_14.3.rel1.20251027-0700/build-native/host-libs/usr --with-host-libstdcxx='-static-libgcc -Wl,-Bstatic,-lstdc++,-Bdynamic -lm' --with-pkgversion='GNU Tools for STM32 14.3.rel1.20251027-0700' --with-multilib-list=rmprofile,aprofile
Thread model: single
Supported LTO compression algorithms: zlib
gcc version 14.3.1 20250623 (GNU Tools for STM32 14.3.rel1.20251027-0700) 
COLLECT_GCC_OPTIONS='-mcpu=cortex-m3' '-Wall' '-fdata-sections' '-ffunction-sections' '-v' '-std=gnu11' '-o' 'CMakeFiles/cmTC_c317f.dir/CMakeCCompilerABI.c.obj' '-c' '-mfloat-abi=soft' '-mthumb' '-mlibarch=armv7-m' '-march=armv7-m' '-dumpdir' 'CMakeFiles/cmTC_c317f.dir/'
 /home/ubuntu22/.local/share/stm32cube/bundles/gnu-tools-for-stm32/14.3.1+st.2/bin/../lib/gcc/arm-none-eabi/14.3.1/cc1 -quiet -v -imultilib thumb/v7-m/nofp -iprefix /home/ubuntu22/.local/share/stm32cube/bundles/gnu-tools-for-stm32/14.3.1+st.2/bin/../lib/gcc/arm-none-eabi/14.3.1/ -isysroot /home/ubuntu22/.local/share/stm32cube/bundles/gnu-tools-for-stm32/14.3.1+st.2/bin/../arm-none-eabi -D__USES_INITFINI__ /usr/share/cmake-3.22/Modules/CMakeCCompilerABI.c -quiet -dumpdir CMakeFiles/cmTC_c317f.dir/ -dumpbase CMakeCCompilerABI.c.c -dumpbase-ext .c -mcpu=cortex-m3 -mfloat-abi=soft -mthumb -mlibarch=armv7-m -march=armv7-m -Wall -std=gnu11 -version -fdata-sections -ffunction-sections -o /tmp/ccG4gMF3.s
GNU C11 (GNU Tools for STM32 14.3.rel1.20251027-0700) version 14.3.1 20250623 (arm-none-eabi)
	compiled by GNU C version 7.5.0, GMP version 6.2.1, MPFR version 3.1.6, MPC version 1.0.3, isl version isl-0.15-1-g835ea3a-GMP

GGC heuristics: --param ggc-min-expand=100 --param ggc-min-heapsize=131072
ignoring duplicate directory "/home/ubuntu22/.local/share/stm32cube/bundles/gnu-tools-for-stm32/14.3.1+st.2/bin/../lib/gcc/../../lib/gcc/arm-none-eabi/14.3.1/include"
ignoring nonexistent directory "/home/ubuntu22/.local/share/stm32cube/bundles/gnu-tools-for-stm32/14.3.1+st.2/bin/../arm-none-eabi/usr/local/include"
ignoring duplicate directory "/home/ubuntu22/.local/share/stm32cube/bundles/gnu-tools-for-stm32/14.3.1+st.2/bin/../lib/gcc/../../lib/gcc/arm-none-eabi/14.3.1/include-fixed"
ignoring duplicate directory "/home/ubuntu22/.local/share/stm32cube/bundles/gnu-tools-for-stm32/14.3.1+st.2/bin/../lib/gcc/../../lib/gcc/arm-none-eabi/14.3.1/../../../../arm-none-eabi/include"
ignoring nonexistent directory "/home/ubuntu22/.local/share/stm32cube/bundles/gnu-tools-for-stm32/14.3.1+st.2/bin/../arm-none-eabi/usr/include"
#include "..." search starts here:
#include <...> search starts here:
 /home/ubuntu22/.local/share/stm32cube/bundles/gnu-tools-for-stm32/14.3.1+st.2/bin/../lib/gcc/arm-none-eabi/14.3.1/include
 /home/ubuntu22/.local/share/stm32cube/bundles/gnu-tools-for-stm32/14.3.1+st.2/bin/../lib/gcc/arm-none-eabi/14.3.1/include-fixed
 /home/ubuntu22/.local/share/stm32cube/bundles/gnu-tools-for-stm32/14.3.1+st.2/bin/../lib/gcc/arm-none-eabi/14.3.1/../../../../arm-none-eabi/include
End of search list.
Compiler executable checksum: 91583cfdc8b970f823bfd284aa7769b4
COLLECT_GCC_OPTIONS='-mcpu=cortex-m3' '-Wall' '-fdata-sections' '-ffunction-sections' '-v' '-std=gnu11' '-o' 'CMakeFiles/cmTC_c317f.dir/CMakeCCompilerABI.c.obj' '-c' '-mfloat-abi=soft' '-mthumb' '-mlibarch=armv7-m' '-march=armv7-m' '-dumpdir' 'CMakeFiles/cmTC_c317f.dir/'
 /home/ubuntu22/.local/share/stm32cube/bundles/gnu-tools-for-stm32/14.3.1+st.2/bin/../lib/gcc/arm-none-eabi/14.3.1/../../../../arm-none-eabi/bin/as -v -march=armv7-m -mfloat-abi=soft -meabi=5 -o CMakeFiles/cmTC_c317f.dir/CMakeCCompilerABI.c.obj /tmp/ccG4gMF3.s
GNU assembler version 2.44.0 (arm-none-eabi) using BFD version (GNU Tools for STM32 14.3.rel1.20251027-0700) 2.44.0.20250616
COMPILER_PATH=/home/ubuntu22/.local/share/stm32cube/bundles/gnu-tools-for-stm32/14.3.1+st.2/bin/../lib/gcc/arm-none-eabi/14.3.1/:/home/ubuntu22/.local/share/stm32cube/bundles/gnu-tools-for-stm32/14.3.1+st.2/bin/../lib/gcc/:/home/ubuntu22/.local/share/stm32cube/bundles/gnu-tools-for-stm32/14.3.1+st.2/bin/../lib/gcc/arm-none-eabi/14.3.1/../../../../arm-none-eabi/bin/
LIBRARY_PATH=/home/ubuntu22/.local/share/stm32cube/bundles/gnu-tools-for-stm32/14.3.1+st.2/bin/../lib/gcc/arm-none-eabi/14.3.1/thumb/v7-m/nofp/:/home/ubuntu22/.local/share/stm32cube/bundles/gnu-tools-for-stm32/14.3.1+st.2/bin/../lib/gcc/arm-none-eabi/14.3.1/../../../../arm-none-eabi/lib/thumb/v7-m/nofp/:/home/ubuntu22/.local/share/stm32cube/bundles/gnu-tools-for-stm32/14.3.1+st.2/bin/../arm-none-eabi/lib/thumb/v7-m/nofp/:/home/ubuntu22/.local/share/stm32cube/bundles/gnu-tools-for-stm32/14.3.1+st.2/bin/../lib/gcc/arm-none-eabi/14.3.1/:/home/ubuntu22/.local/share/stm32cube/bundles/gnu-tools-for-stm32/14.3.1+st.2/bin/../lib/gcc/:/home/ubuntu22/.local/share/stm32cube/bundles/gnu-tools-for-stm32/14.3.1+st.2/bin/../lib/gcc/arm-none-eabi/14.3.1/../../../../arm-none-eabi/lib/:/home/ubuntu22/.local/share/stm32cube/bundles/gnu-tools-for-stm32/14.3.1+st.2/bin/../arm-none-eabi/lib/
COLLECT_GCC_OPTIONS='-mcpu=cortex-m3' '-Wall' '-fdata-sections' '-ffunction-sections' '-v' '-std=gnu11' '-o' 'CMakeFiles/cmTC_c317f.dir/CMakeCCompilerABI.c.obj' '-c' '-mfloat-abi=soft' '-mthumb' '-mlibarch=armv7-m' '-march=armv7-m' '-dumpdir' 'CMakeFiles/cmTC_c317f.dir/CMakeCCompilerABI.c.'
Linking C static library libcmTC_c317f.a
/usr/bin/cmake -P CMakeFiles/cmTC_c317f.dir/cmake_clean_target.cmake
/usr/bin/cmake -E cmake_link_script CMakeFiles/cmTC_c317f.dir/link.txt --verbose=1
/usr/bin/ar qc libcmTC_c317f.a CMakeFiles/cmTC_c317f.dir/CMakeCCompilerABI.c.obj
/usr/bin/ranlib libcmTC_c317f.a
gmake[1]: Leaving directory '/home/ubuntu22/Desktop/STM32_LED/build_rel_make/CMakeFiles/CMakeTmp'



Parsed C implicit include dir info from above output: rv=done
  found start of include info
  found start of implicit include info
    add: [/home/ubuntu22/.local/share/stm32cube/bundles/gnu-tools-for-stm32/14.3.1+st.2/bin/../lib/gcc/arm-none-eabi/14.3.1/include]
    add: [/home/ubuntu22/.local/share/stm32cube/bundles/gnu-tools-for-stm32/14.3.1+st.2/bin/../lib/gcc/arm-none-eabi/14.3.1/include-fixed]
    add: [/home/ubuntu22/.local/share/stm32cube/bundles/gnu-tools-for-stm32/14.3.1+st.2/bin/../lib/gcc/arm-none-eabi/14.3.1/../../../../arm-none-eabi/include]
  end of search list found
  collapse include dir [/home/ubuntu22/.local/share/stm32cube/bundles/gnu-tools-for-stm32/14.3.1+st.2/bin/../lib/gcc/arm-none-eabi/14.3.1/include] ==> [/home/ubuntu22/.local/share/stm32cube/bundles/gnu-tools-for-stm32/14.3.1+st.2/lib/gcc/arm-none-eabi/14.3.1/include]
  collapse include dir [/home/ubuntu22/.local/share/stm32cube/bundles/gnu-tools-for-stm32/14.3.1+st.2/bin/../lib/gcc/arm-none-eabi/14.3.1/include-fixed] ==> [/home/ubuntu22/.local/share/stm32cube/bundles/gnu-tools-for-stm32/14.3.1+st.2/lib/gcc/arm-none-eabi/14.3.1/include-fixed]
  collapse include dir [/home/ubuntu22/.local/share/stm32cube/bundles/gnu-tools-for-stm32/14.3.1+st.2/bin/../lib/gcc/arm-none-eabi/14.3.1/../../../../arm-none-eabi/include] ==> [/home/ubuntu22/.local/share/stm32cube/bundles/gnu-tools-for-stm32/14.3.1+st.2/arm-none-eabi/include]
  implicit include dirs: [/home/ubuntu22/.local/share/stm32cube/bundles/gnu-tools-for-stm32/14.3.1+st.2/lib/gcc/arm-none-eabi/14.3.1/include;/home/ubuntu22/.local/share/stm32cube/bundles/gnu-tools-for-stm32/14.3.1+st.2/lib/gcc/arm-none-eabi/14.3.1/include-fixed;/home/ubuntu22/.local/share/stm32cube/bundles/gnu-tools-for-stm32/14.3.1+st.2/arm-none-eabi/include]


Parsed C implicit link information from above output:
  link line regex: [^( *|.*[/\])(arm-none-eabi-g\+\+|CMAKE_LINK_STARTFILE-NOTFOUND|([^/\]+-)?ld|collect2)[^/\]*( |$)]
  ignore line: [Change Dir: /home/ubuntu22/Desktop/STM32_LED/build_rel_make/CMakeFiles/CMakeTmp]
  ignore line: []
  ignore line: [Run Build Command(s):/usr/bin/gmake -f Makefile cmTC_c317f/fast && /usr/bin/gmake  -f CMakeFiles/cmTC_c317f.dir/build.make CMakeFiles/cmTC_c317f.dir/build]
  ignore line: [gmake[1]: Entering directory '/home/ubuntu22/Desktop/STM32_LED/build_rel_make/CMakeFiles/CMakeTmp']
  ignore line: [Building C object CMakeFiles/cmTC_c317f.dir/CMakeCCompilerABI.c.obj]
  ignore line: [/home/ubuntu22/.local/share/stm32cube/bundles/gnu-tools-for-stm32/14.3.1+st.2/bin/arm-none-eabi-gcc   -mcpu=cortex-m3  -Wall -fdata-sections -ffunction-sections    -v -std=gnu11 -o CMakeFiles/cmTC_c317f.dir/CMakeCCompilerABI.c.obj -c /usr/share/cmake-3.22/Modules/CMakeCCompilerABI.c]
  ignore line: [Using built-in specs.]
  ignore line: [COLLECT_GCC=/home/ubuntu22/.local/share/stm32cube/bundles/gnu-tools-for-stm32/14.3.1+st.2/bin/arm-none-eabi-gcc]
  ignore line: [Target: arm-none-eabi]
  ignore line: [Configured with: /build/gnu-tools-for-stm32_14.3.rel1.20251027-0700/src/gcc/configure --target=arm-none-eabi --prefix=/build/gnu-tools-for-stm32_14.3.rel1.20251027-0700/install-native --libexecdir=/build/gnu-tools-for-stm32_14.3.rel1.20251027-0700/install-native/lib --infodir=/build/gnu-tools-for-stm32_14.3.rel1.20251027-0700/install-native/share/doc/gcc-arm-none-eabi/info --mandir=/build/gnu-tools-for-stm32_14.3.rel1.20251027-0700/install-native/share/doc/gcc-arm-none-eabi/man --htmldir=/build/gnu-tools-for-stm32_14.3.rel1.20251027-0700/install-native/share/doc/gcc-arm-none-eabi/html --pdfdir=/build/gnu-tools-for-stm32_14.3.rel1.20251027-0700/install-native/share/doc/gcc-arm-none-eabi/pdf --enable-checking=release --enable-languages=c,c++ --enable-plugins --disable-decimal-float --disable-libffi --disable-libgomp --disable-libmudflap --disable-libquadmath --disable-libssp --disable-libstdcxx-pch --disable-nls --disable-shared --disable-threads --disable-tls --with-gnu-as --with-gnu-ld --with-newlib --with-headers=yes --with-python-dir=share/gcc-arm-none-eabi --with-sysroot=/build/gnu-tools-for-stm32_14.3.rel1.20251027-0700/install-native/arm-none-eabi --with-zstd=no --build=x86_64-linux-gnu --host=x86_64-linux-gnu --with-gmp=/build/gnu-tools-for-stm32_14.3.rel1.20251027-0700/build-native/host-libs/usr --with-mpfr=/build/gnu-tools-for-stm32_14.3.rel1.20251027-0700/build-native/host-libs/usr --with-mpc=/build/gnu-tools-for-stm32_14.3.rel1.20251027-0700/build-native/host-libs/usr --with-isl=/build/gnu-tools-for-stm32_14.3.rel1.20251027-0700/build-native/host-libs/usr --with-host-libstdcxx='-static-libgcc -Wl,-Bstatic,-lstdc++,-Bdynamic -lm' --with-pkgversion='GNU Tools for STM32 14.3.rel1.20251027-0700' --with-multilib-list=rmprofile,aprofile]
  ignore line: [Thread model: single]
  ignore line: [Supported LTO compression algorithms: zlib]
  ignore line: [gcc version 14.3.1 20250623 (GNU Tools for STM32 14.3.rel1.20251027-0700) ]
  ignore line: [COLLECT_GCC_OPTIONS='-mcpu=cortex-m3' '-Wall' '-fdata-sections' '-ffunction-sections' '-v' '-std=gnu11' '-o' 'CMakeFiles/cmTC_c317f.dir/CMakeCCompilerABI.c.obj' '-c' '-mfloat-abi=soft' '-mthumb' '-mlibarch=armv7-m' '-march=armv7-m' '-dumpdir' 'CMakeFiles/cmTC_c317f.dir/']
  ignore line: [ /home/ubuntu22/.local/share/stm32cube/bundles/gnu-tools-for-stm32/14.3.1+st.2/bin/../lib/gcc/arm-none-eabi/14.3.1/cc1 -quiet -v -imultilib thumb/v7-m/nofp -iprefix /home/ubuntu22/.local/share/stm32cube/bundles/gnu-tools-for-stm32/14.3.1+st.2/bin/../lib/gcc/arm-none-eabi/14.3.1/ -isysroot /home/ubuntu22/.local/share/stm32cube/bundles/gnu-tools-for-stm32/14.3.1+st.2/bin/../arm-none-eabi -D__USES_INITFINI__ /usr/share/cmake-3.22/Modules/CMakeCCompilerABI.c -quiet -dumpdir CMakeFiles/cmTC_c317f.dir/ -dumpbase CMakeCCompilerABI.c.c -dumpbase-ext .c -mcpu=cortex-m3 -mfloat-abi=soft -mthumb -mlibarch=armv7-m -march=armv7-m -Wall -std=gnu11 -version -fdata-sections -ffunction-sections -o /tmp/ccG4gMF3.s]
  ignore line: [GNU C11 (GNU Tools for STM32 14.3.rel1.20251027-0700) version 14.3.1 20250623 (arm-none-eabi)]
  ignore line: [	compiled by GNU C version 7.5.0  GMP version 6.2.1  MPFR version 3.1.6  MPC version 1.0.3  isl version isl-0.15-1-g835ea3a-GMP]
  ignore line: []
  ignore line: [GGC heuristics: --param ggc-min-expand=100 --param ggc-min-heapsize=131072]
  ignore line: [ignoring duplicate directory "/home/ubuntu22/.local/share/stm32cube/bundles/gnu-tools-for-stm32/14.3.1+st.2/bin/../lib/gcc/../../lib/gcc/arm-none-eabi/14.3.1/include"]
  ignore line: [ignoring nonexistent directory "/home/ubuntu22/.local/share/stm32cube/bundles/gnu-tools-for-stm32/14.3.1+st.2/bin/../arm-none-eabi/usr/local/include"]
  ignore line: [ignoring duplicate directory "/home/ubuntu22/.local/share/stm32cube/bundles/gnu-tools-for-stm32/14.3.1+st.2/bin/../lib/gcc/../../lib/gcc/arm-none-eabi/14.3.1/include-fixed"]
  ignore line: [ignoring duplicate directory "/home/ubuntu22/.local/share/stm32cube/bundles/gnu-tools-for-stm32/14.3.1+st.2/bin/../lib/gcc/../../lib/gcc/arm-none-eabi/14.3.1/../../../../arm-none-eabi/include"]
  ignore line: [ignoring nonexistent directory "/home/ubuntu22/.local/share/stm32cube/bundles/gnu-tools-for-stm32/14.3.1+st.2/bin/../arm-none-eabi/usr/include"]
  ignore line: [#include "..." search starts here:]
  ignore line: [#include <...> search starts here:]
  ignore line: [ /home/ubuntu22/.local/share/stm32cube/bundles/gnu-tools-for-stm32/14.3.1+st.2/bin/../lib/gcc/arm-none-eabi/14.3.1/include]
  ignore line: [ /home/ubuntu22/.local/share/stm32cube/bundles/gnu-tools-for-stm32/14.3.1+st.2/bin/../lib/gcc/arm-none-eabi/14.3.1/include-fixed]
  ignore line: [ /home/ubuntu22/.local/share/stm32cube/bundles/gnu-tools-for-stm32/14.3.1+st.2/bin/../lib/gcc/arm-none-eabi/14.3.1/../../../../arm-none-eabi/include]
  ignore line: [End of search list.]
  ignore line: [Compiler executable checksum: 91583cfdc8b970f823bfd284aa7769b4]
  ignore line: [COLLECT_GCC_OPTIONS='-mcpu=cortex-m3' '-Wall' '-fdata-sections' '-ffunction-sections' '-v' '-std=gnu11' '-o' 'CMakeFiles/cmTC_c317f.dir/CMakeCCompilerABI.c.obj' '-c' '-mfloat-abi=soft' '-mthumb' '-mlibarch=armv7-m' '-march=armv7-m' '-dumpdir' 'CMakeFiles/cmTC_c317f.dir/']
  ignore line: [ /home/ubuntu22/.local/share/stm32cube/bundles/gnu-tools-for-stm32/14.3.1+st.2/bin/../lib/gcc/arm-none-eabi/14.3.1/../../../../arm-none-eabi/bin/as -v -march=armv7-m -mfloat-abi=soft -meabi=5 -o CMakeFiles/cmTC_c317f.dir/CMakeCCompilerABI.c.obj /tmp/ccG4gMF3.s]
  ignore line: [GNU assembler version 2.44.0 (arm-none-eabi) using BFD version (GNU Tools for STM32 14.3.rel1.20251027-0700) 2.44.0.20250616]
  ignore line: [COMPILER_PATH=/home/ubuntu22/.local/share/stm32cube/bundles/gnu-tools-for-stm32/14.3.1+st.2/bin/../lib/gcc/arm-none-eabi/14.3.1/:/home/ubuntu22/.local/share/stm32cube/bundles/gnu-tools-for-stm32/14.3.1+st.2/bin/../lib/gcc/:/home/ubuntu22/.local/share/stm32cube/bundles/gnu-tools-for-stm32/14.3.1+st.2/bin/../lib/gcc/arm-none-eabi/14.3.1/../../../../arm-none-eabi/bin/]
  ignore line: [LIBRARY_PATH=/home/ubuntu22/.local/share/stm32cube/bundles/gnu-tools-for-stm32/14.3.1+st.2/bin/../lib/gcc/arm-none-eabi/14.3.1/thumb/v7-m/nofp/:/home/ubuntu22/.local/share/stm32cube/bundles/gnu-tools-for-stm32/14.3.1+st.2/bin/../lib/gcc/arm-none-eabi/14.3.1/../../../../arm-none-eabi/lib/thumb/v7-m/nofp/:/home/ubuntu22/.local/share/stm32cube/bundles/gnu-tools-for-stm32/14.3.1+st.2/bin/../arm-none-eabi/lib/thumb/v7-m/nofp/:/home/ubuntu22/.local/share/stm32cube/bundles/gnu-tools-for-stm32/14.3.1+st.2/bin/../lib/gcc/arm-none-eabi/14.3.1/:/home/ubuntu22/.local/share/stm32cube/bundles/gnu-tools-for-stm32/14.3.1+st.2/bin/../lib/gcc/:/home/ubuntu22/.local/share/stm32cube/bundles/gnu-tools-for-stm32/14.3.1+st.2/bin/../lib/gcc/arm-none-eabi/14.3.1/../../../../arm-none-eabi/lib/:/home/ubuntu22/.local/share/stm32cube/bundles/gnu-tools-for-stm32/14.3.1+st.2/bin/../arm-none-eabi/lib/]
  ignore line: [COLLECT_GCC_OPTIONS='-mcpu=cortex-m3' '-Wall' '-fdata-sections' '-ffunction-sections' '-v' '-std=gnu11' '-o' 'CMakeFiles/cmTC_c317f.dir/CMakeCCompilerABI.c.obj' '-c' '-mfloat-abi=soft' '-mthumb' '-mlibarch=armv7-m' '-march=armv7-m' '-dumpdir' 'CMakeFiles/cmTC_c317f.dir/CMakeCCompilerABI.c.']
  ignore line: [Linking C static library libcmTC_c317f.a]
  ignore line: [/usr/bin/cmake -P CMakeFiles/cmTC_c317f.dir/cmake_clean_target.cmake]
  ignore line: [/usr/bin/cmake -E cmake_link_script CMakeFiles/cmTC_c317f.dir/link.txt --verbose=1]
  ignore line: [/usr/bin/ar qc libcmTC_c317f.a CMakeFiles/cmTC_c317f.dir/CMakeCCompilerABI.c.obj]
  ignore line: [/usr/bin/ranlib libcmTC_c317f.a]
  ignore line: [gmake[1]: Leaving directory '/home/ubuntu22/Desktop/STM32_LED/build_rel_make/CMakeFiles/CMakeTmp']
  ignore line: []
  ignore line: []
  implicit libs: []
  implicit objs: []
  implicit dirs: []
  implicit fwks: []


Detecting CXX compiler ABI info compiled with the following output:
Change Dir: /home/ubuntu22/Desktop/STM32_LED/build_rel_make/CMakeFiles/CMakeTmp

Run Build Command(s):/usr/bin/gmake -f Makefile cmTC_e0989/fast && /usr/bin/gmake  -f CMakeFiles/cmTC_e0989.dir/build.make CMakeFiles/cmTC_e0989.dir/build
gmake[1]: Entering directory '/home/ubuntu22/Desktop/STM32_LED/build_rel_make/CMakeFiles/CMakeTmp'
Building CXX object CMakeFiles/cmTC_e0989.dir/CMakeCXXCompilerABI.cpp.obj
/home/ubuntu22/.local/share/stm32cube/bundles/gnu-tools-for-stm32/14.3.1+st.2/bin/arm-none-eabi-g++   -mcpu=cortex-m3  -Wall -fdata-sections -ffunction-sections -fno-rtti -fno-exceptions -fno-threadsafe-statics    -v -o CMakeFiles/cmTC_e0989.dir/CMakeCXXCompilerABI.cpp.obj -c /usr/share/cmake-3.22/Modules/CMakeCXXCompilerABI.cpp
Using built-in specs.
COLLECT_GCC=/home/ubuntu22/.local/share/stm32cube/bundles/gnu-tools-for-stm32/14.3.1+st.2/bin/arm-none-eabi-g++
Target: arm-none-eabi
Configured with: /build/gnu-tools-for-stm32_14.3.rel1.20251027-0700/src/gcc/configure --target=arm-none-eabi --prefix=/build/gnu-tools-for-stm32_14.3.rel1.20251027-0700/install-native --libexecdir=/build/gnu-tools-for-stm32_14.3.rel1.20251027-0700/install-native/lib --infodir=/build/gnu-tools-for-stm32_14.3.rel1.20251027-0700/install-native/share/doc/gcc-arm-none-eabi/info --mandir=/build/gnu-tools-for-stm32_14.3.rel1.20251027-0700/install-native/share/doc/gcc-arm-none-eabi/man --htmldir=/build/gnu-tools-for-stm32_14.3.rel1.20251027-0700/install-native/share/doc/gcc-arm-none-eabi/html --pdfdir=/build/gnu-tools-for-stm32_14.3.rel1.20251027-0700/install-native/share/doc/gcc-arm-none-eabi/pdf --enable-checking=release --enable-languages=c,c++ --enable-plugins --disable-decimal-float --disable-libffi --disable-libgomp --disable-libmudflap --disable-libquadmath --disable-libssp --disable-libstdcxx-pch --disable-nls --disable-shared --disable-threads --disable-tls --with-gnu-as --with-gnu-ld --with-newlib --with-headers=yes --with-python-dir=share/gcc-arm-none-eabi --with-sysroot=/build/gnu-tools-for-stm32_14.3.rel1.20251027-0700/install-native/arm-none-eabi --with-zstd=no --build=x86_64-linux-gnu --host=x86_64-linux-gnu --with-gmp=/build/gnu-tools-for-stm32_14.3.rel1.20251027-0700/build-native/host-libs/usr --with-mpfr=/build/gnu-tools-for-stm32_14.3.rel1.20251027-0700/build-native/host-libs/usr --with-mpc=/build/gnu-tools-for-stm32_14.3.rel1.20251027-0700/build-native/host-libs/usr --with-isl=/build/gnu-tools-for-stm32_14.3.rel1.20251027-0700/build-native/host-libs/usr --with-host-libstdcxx='-static-libgcc -Wl,-Bstatic,-lstdc++,-Bdynamic -lm' --with-pkgversion='GNU Tools for STM32 14.3.rel1.20251027-0700' --with-multilib-list=rmprofile,aprofile
Thread model: single
Supported LTO compression algorithms: zlib
gcc version 14.3.1 20250623 (GNU Tools for STM32 14.3.rel1.20251027-0700) 
COLLECT_GCC_OPTIONS='-mcpu=cortex-m3' '-Wall' '-fdata-sections' '-ffunction-sections' '-fno-rtti' '-fno-exceptions' '-fno-threadsafe-statics' '-v' '-o' 'CMakeFiles/cmTC_e0989.dir/CMakeCXXCompilerABI.cpp.obj' '-c' '-mfloat-abi=soft' '-mthumb' '-mlibarch=armv7-m' '-march=armv7-m' '-dumpdir' 'CMakeFiles/cmTC_e0989.dir/'
 /home/ubuntu22/.local/share/stm32cube/bundles/gnu-tools-for-stm32/14.3.1+st.2/bin/../lib/gcc/arm-none-eabi/14.3.1/cc1plus -quiet -v -imultilib thumb/v7-m/nofp -iprefix /home/ubuntu22/.local/share/stm32cube/bundles/gnu-tools-for-stm32/14.3.1+st.2/bin/../lib/gcc/arm-none-eabi/14.3.1/ -isysroot /home/ubuntu22/.local/share/stm32cube/bundles/gnu-tools-for-stm32/14.3.1+st.2/bin/../arm-none-eabi -D__USES_INITFINI__ /usr/share/cmake-3.22/Modules/CMakeCXXCompilerABI.cpp -quiet -dumpdir CMakeFiles/cmTC_e0989.dir/ -dumpbase CMakeCXXCompilerABI.cpp.cpp -dumpbase-ext .cpp -mcpu=cortex-m3 -mfloat-abi=soft -mthumb -mlibarch=armv7-m -march=armv7-m -Wall -version -fdata-sections -ffunction-sections -fno-rtti -fno-exceptions -fno-threadsafe-statics -o /tmp/ccYpo59c.s
GNU C++17 (GNU Tools for STM32 14.3.rel1.20251027-0700) version 14.3.1 20250623 (arm-none-eabi)
	compiled by GNU C version 7.5.0, GMP version 6.2.1, MPFR version 3.1.6, MPC version 1.0.3, isl version isl-0.15-1-g835ea3a-GMP

GGC heuristics: --param ggc-min-expand=100 --param ggc-min-heapsize=131072
ignoring duplicate directory "/home/ubuntu22/.local/share/stm32cube/bundles/gnu-tools-for-stm32/14.3.1+st.2/bin/../lib/gcc/../../lib/gcc/arm-none-eabi/14.3.1/../../../../arm-none-eabi/include/c++/14.3.1"
ignoring duplicate directory "/home/ubuntu22/.local/share/stm32cube/bundles/gnu-tools-for-stm32/14.3.1+st.2/bin/../lib/gcc/../../lib/gcc/arm-none-eabi/14.3.1/../../../../arm-none-eabi/include/c++/14.3.1/arm-none-eabi/thumb/v7-m/nofp"
ignoring duplicate directory "/home/ubuntu22/.local/share/stm32cube/bundles/gnu-tools-for-stm32/14.3.1+st.2/bin/../lib/gcc/../../lib/gcc/arm-none-eabi/14.3.1/../../../../arm-none-eabi/include/c++/14.3.1/backward"
ignoring duplicate directory "/home/ubuntu22/.local/share/stm32cube/bundles/gnu-tools-for-stm32/14.3.1+st.2/bin/../lib/gcc/../../lib/gcc/arm-none-eabi/14.3.1/include"
ignoring nonexistent directory "/home/ubuntu22/.local/share/stm32cube/bundles/gnu-tools-for-stm32/14.3.1+st.2/bin/../arm-none-eabi/usr/local/include"
ignoring duplicate directory "/home/ubuntu22/.local/share/stm32cube/bundles/gnu-tools-for-stm32/14.3.1+st.2/bin/../lib/gcc/../../lib/gcc/arm-none-eabi/14.3.1/include-fixed"
ignoring duplicate directory "/home/ubuntu22/.local/share/stm32cube/bundles/gnu-tools-for-stm32/14.3.1+st.2/bin/../lib/gcc/../../lib/gcc/arm-none-eabi/14.3.1/../../../../arm-none-eabi/include"
ignoring nonexistent directory "/home/ubuntu22/.local/share/stm32cube/bundles/gnu-tools-for-stm32/14.3.1+st.2/bin/../arm-none-eabi/usr/include"
#include "..." search starts here:
#include <...> search starts here:
 /home/ubuntu22/.local/share/stm32cube/bundles/gnu-tools-for-stm32/14.3.1+st.2/bin/../lib/gcc/arm-none-eabi/14.3.1/../../../../arm-none-eabi/include/c++/14.3.1
 /home/ubuntu22/.local/share/stm32cube/bundles/gnu-tools-for-stm32/14.3.1+st.2/bin/../lib/gcc/arm-none-eabi/14.3.1/../../../../arm-none-eabi/include/c++/14.3.1/arm-none-eabi/thumb/v7-m/nofp
 /home/ubuntu22/.local/share/stm32cube/bundles/gnu-tools-for-stm32/14.3.1+st.2/bin/../lib/gcc/arm-none-eabi/14.3.1/../../../../arm-none-eabi/include/c++/14.3.1/backward
 /home/ubuntu22/.local/share/stm32cube/bundles/gnu-tools-for-stm32/14.3.1+st.2/bin/../lib/gcc/arm-none-eabi/14.3.1/include
 /home/ubuntu22/.local/share/stm32cube/bundles/gnu-tools-for-stm32/14.3.1+st.2/bin/../lib/gcc/arm-none-eabi/14.3.1/include-fixed
 /home/ubuntu22/.local/share/stm32cube/bundles/gnu-tools-for-stm32/14.3.1+st.2/bin/../lib/gcc/arm-none-eabi/14.3.1/../../../../arm-none-eabi/include
End of search list.
Compiler executable checksum: c7a0cbb4c17df2df56ed6be1c1e04844
COLLECT_GCC_OPTIONS='-mcpu=cortex-m3' '-Wall' '-fdata-sections' '-ffunction-sections' '-fno-rtti' '-fno-exceptions' '-fno-threadsafe-statics' '-v' '-o' 'CMakeFiles/cmTC_e0989.dir/CMakeCXXCompilerABI.cpp.obj' '-c' '-mfloat-abi=soft' '-mthumb' '-mlibarch=armv7-m' '-march=armv7-m' '-dumpdir' 'CMakeFiles/cmTC_e0989.dir/'
 /home/ubuntu22/.local/share/stm32cube/bundles/gnu-tools-for-stm32/14.3.1+st.2/bin/../lib/gcc/arm-none-eabi/14.3.1/../../../../arm-none-eabi/bin/as -v -march=armv7-m -mfloat-abi=soft -meabi=5 -o CMakeFiles/cmTC_e0989.dir/CMakeCXXCompilerABI.cpp.obj /tmp/ccYpo59c.s
GNU assembler version 2.44.0 (arm-none-eabi) using BFD version (GNU Tools for STM32 14.3.rel1.20251027-0700) 2.44.0.20250616
COMPILER_PATH=/home/ubuntu22/.local/share/stm32cube/bundles/gnu-tools-for-stm32/14.3.1+st.2/bin/../lib/gcc/arm-none-eabi/14.3.1/:/home/ubuntu22/.local/share/stm32cube/bundles/gnu-tools-for-stm32/14.3.1+st.2/bin/../lib/gcc/:/home/ubuntu22/.local/share/stm32cube/bundles/gnu-tools-for-stm32/14.3.1+st.2/bin/../lib/gcc/arm-none-eabi/14.3.1/../../../../arm-none-eabi/bin/
LIBRARY_PATH=/home/ubuntu22/.local/share/stm32cube/bundles/gnu-tools-for-stm32/14.3.1+st.2/bin/../lib/gcc/arm-none-eabi/14.3.1/thumb/v7-m/nofp/:/home/ubuntu22/.local/share/stm32cube/bundles/gnu-tools-for-stm32/14.3.1+st.2/bin/../lib/gcc/arm-none-eabi/14.3.1/../../../../arm-none-eabi/lib/thumb/v7-m/nofp/:/home/ubuntu22/.local/share/stm32cube/bundles/gnu-tools-for-stm32/14.3.1+st.2/bin/../arm-none-eabi/lib/thumb/v7-m/nofp/:/home/ubuntu22/.local/share/stm32cube/bundles/gnu-tools-for-stm32/14.3.1+st.2/bin/../lib/gcc/arm-none-eabi/14.3.1/:/home/ubuntu22/.local/share/stm32cube/bundles/gnu-tools-for-stm32/14.3.1+st.2/bin/../lib/gcc/:/home/ubuntu22/.local/share/stm32cube/bundles/gnu-tools-for-stm32/14.3.1+st.2/bin/../lib/gcc/arm-none-eabi/14.3.1/../../../../arm-none-eabi/lib/:/home/ubuntu22/.local/share/stm32cube/bundles/gnu-tools-for-stm32/14.3.1+st.2/bin/../arm-none-eabi/lib/
COLLECT_GCC_OPTIONS='-mcpu=cortex-m3' '-Wall' '-fdata-sections' '-ffunction-sections' '-fno-rtti' '-fno-exceptions' '-fno-threadsafe-statics' '-v' '-o' 'CMakeFiles/cmTC_e0989.dir/CMakeCXXCompilerABI.cpp.obj' '-c' '-mfloat-abi=soft' '-mthumb' '-mlibarch=armv7-m' '-march=armv7-m' '-dumpdir' 'CMakeFiles/cmTC_e0989.dir/CMakeCXXCompilerABI.cpp.'
Linking CXX static library libcmTC_e0989.a
/usr/bin/cmake -P CMakeFiles/cmTC_e0989.dir/cmake_clean_target.cmake
/usr/bin/cmake -E cmake_link_script CMakeFiles/cmTC_e0989.dir/link.txt --verbose=1
/usr/bin/ar qc libcmTC_e0989.a CMakeFiles/cmTC_e0989.dir/CMakeCXXCompilerABI.cpp.obj
/usr/bin/ranlib libcmTC_e0989.a
gmake[1]: Leaving directory '/home/ubuntu22/Desktop/STM32_LED/build_rel_make/CMakeFiles/CMakeTmp'



Parsed CXX implicit include dir info from above output: rv=done
  found start of include info
  found start of implicit include info
    add: [/home/ubuntu22/.local/share/stm32cube/bundles/gnu-tools-for-stm32/14.3.1+st.2/bin/../lib/gcc/arm-none-eabi/14.3.1/../../../../arm-none-eabi/include/c++/14.3.1]
    add: [/home/ubuntu22/.local/share/stm32cube/bundles/gnu-tools-for-stm32/14.3.1+st.2/bin/../lib/gcc/arm-none-eabi/14.3.1/../../../../arm-none-eabi/include/c++/14.3.1/arm-none-eabi/thumb/v7-m/nofp]
    add: [/home/ubuntu22/.local/share/stm32cube/bundles/gnu-tools-for-stm32/14.3.1+st.2/bin/../lib/gcc/arm-none-eabi/14.3.1/../../../../arm-none-eabi/include/c++/14.3.1/backward]
    add: [/home/ubuntu22/.local/share/stm32cube/bundles/gnu-tools-for-stm32/14.3.1+st.2/bin/../lib/gcc/arm-none-eabi/14.3.1/include]
    add: [/home/ubuntu22/.local/share/stm32cube/bundles/gnu-tools-for-stm32/14.3.1+st.2/bin/../lib/gcc/arm-none-eabi/14.3.1/include-fixed]
    add: [/home/ubuntu22/.local/share/stm32cube/bundles/gnu-tools-for-stm32/14.3.1+st.2/bin/../lib/gcc/arm-none-eabi/14.3.1/../../../../arm-none-eabi/include]
  end of search list found
  collapse include dir [/home/ubuntu22/.local/share/stm32cube/bundles/gnu-tools-for-stm32/14.3.1+st.2/bin/../lib/gcc/arm-none-eabi/14.3.1/../../../../arm-none-eabi/include/c++/14.3.1] ==> [/home/ubuntu22/.local/share/stm32cube/bundles/gnu-tools-for-stm32/14.3.1+st.2/arm-none-eabi/include/c++/14.3.1]
  collapse include dir [/home/ubuntu22/.local/share/stm32cube/bundles/gnu-tools-for-stm32/14.3.1+st.2/bin/../lib/gcc/arm-none-eabi/14.3.1/../../../../arm-none-eabi/include/c++/14.3.1/arm-none-eabi/thumb/v7-m/nofp] ==> [/home/ubuntu22/.local/share/stm32cube/bundles/gnu-tools-for-stm32/14.3.1+st.2/arm-none-eabi/include/c++/14.3.1/arm-none-eabi/thumb/v7-m/nofp]
  collapse include dir [/home/ubuntu22/.local/share/stm32cube/bundles/gnu-tools-for-stm32/14.3.1+st.2/bin/../lib/gcc/arm-none-eabi/14.3.1/../../../../arm-none-eabi/include/c++/14.3.1/backward] ==> [/home/ubuntu22/.local/share/stm32cube/bundles/gnu-tools-for-stm32/14.3.1+st.2/arm-none-eabi/include/c++/14.3.1/backward]
  collapse include dir [/home/ubuntu22/.local/share/stm32cube/bundles/gnu-tools-for-stm32/14.3.1+st.2/bin/../lib/gcc/arm-none-eabi/14.3.1/include] ==> [/home/ubuntu22/.local/share/stm32cube/bundles/gnu-tools-for-stm32/14.3.1+st.2/lib/gcc/arm-none-eabi/14.3.1/include]
  collapse include dir [/home/ubuntu22/.local/share/stm32cube/bundles/gnu-tools-for-stm32/14.3.1+st.2/bin/../lib/gcc/arm-none-eabi/14.3.1/include-fixed] ==> [/home/ubuntu22/.local/share/stm32cube/bundles/gnu-tools-for-stm32/14.3.1+st.2/lib/gcc/arm-none-eabi/14.3.1/include-fixed]
  collapse include dir [/home/ubuntu22/.local/share/stm32cube/bundles/gnu-tools-for-stm32/14.3.1+st.2/bin/../lib/gcc/arm-none-eabi/14.3.1/../../../../arm-none-eabi/include] ==> [/home/ubuntu22/.local/share/stm32cube/bundles/gnu-tools-for-stm32/14.3.1+st.2/arm-none-eabi/include]
  implicit include dirs: [/home/ubuntu22/.local/share/stm32cube/bundles/gnu-tools-for-stm32/14.3.1+st.2/arm-none-eabi/include/c++/14.3.1;/home/ubuntu22/.local/share/stm32cube/bundles/gnu-tools-for-stm32/14.3.1+st.2/arm-none-eabi/include/c++/14.3.1/arm-none-eabi/thumb/v7-m/nofp;/home/ubuntu22/.local/share/stm32cube/bundles/gnu-tools-for-stm32/14.3.1+st.2/arm-none-eabi/include/c++/14.3.1/backward;/home/ubuntu22/.local/share/stm32cube/bundles/gnu-tools-for-stm32/14.3.1+st.2/lib/gcc/arm-none-eabi/14.3.1/include;/home/ubuntu22/.local/share/stm32cube/bundles/gnu-tools-for-stm32/14.3.1+st.2/lib/gcc/arm-none-eabi/14.3.1/include-fixed;/home/ubuntu22/.local/share/stm32cube/bundles/gnu-tools-for-stm32/14.3.1+st.2/arm-none-eabi/include]


Parsed CXX implicit link information from above output:
  link line regex: [^( *|.*[/\])(arm-none-eabi-g\+\+|CMAKE_LINK_STARTFILE-NOTFOUND|([^/\]+-)?ld|collect2)[^/\]*( |$)]
  ignore line: [Change Dir: /home/ubuntu22/Desktop/STM32_LED/build_rel_make/CMakeFiles/CMakeTmp]
  ignore line: []
  ignore line: [Run Build Command(s):/usr/bin/gmake -f Makefile cmTC_e0989/fast && /usr/bin/gmake  -f CMakeFiles/cmTC_e0989.dir/build.make CMakeFiles/cmTC_e0989.dir/build]
  ignore line: [gmake[1]: Entering directory '/home/ubuntu22/Desktop/STM32_LED/build_rel_make/CMakeFiles/CMakeTmp']
  ignore line: [Building CXX object CMakeFiles/cmTC_e0989.dir/CMakeCXXCompilerABI.cpp.obj]
  link line: [/home/ubuntu22/.local/share/stm32cube/bundles/gnu-tools-for-stm32/14.3.1+st.2/bin/arm-none-eabi-g++   -mcpu=cortex-m3  -Wall -fdata-sections -ffunction-sections -fno-rtti -fno-exceptions -fno-threadsafe-statics    -v -o CMakeFiles/cmTC_e0989.dir/CMakeCXXCompilerABI.cpp.obj -c /usr/share/cmake-3.22/Modules/CMakeCXXCompilerABI.cpp]
    arg [/home/ubuntu22/.local/share/stm32cube/bundles/gnu-tools-for-stm32/14.3.1+st.2/bin/arm-none-eabi-g++] ==> ignore
    arg [-mcpu=cortex-m3] ==> ignore
    arg [-Wall] ==> ignore
    arg [-fdata-sections] ==> ignore
    arg [-ffunction-sections] ==> ignore
    arg [-fno-rtti] ==> ignore
    arg [-fno-exceptions] ==> ignore
    arg [-fno-threadsafe-statics] ==> ignore
    arg [-v] ==> ignore
    arg [-o] ==> ignore
    arg [CMakeFiles/cmTC_e0989.dir/CMakeCXXCompilerABI.cpp.obj] ==> ignore
    arg [-c] ==> ignore
    arg [/usr/share/cmake-3.22/Modules/CMakeCXXCompilerABI.cpp] ==> ignore
  implicit libs: []
  implicit objs: []
  implicit dirs: []
  implicit fwks: []


Checking whether the ASM compiler is GNU using "--version" matched "(GNU assembler)|(GCC)|(Free Software Foundation)":
arm-none-eabi-gcc (GNU Tools for STM32 14.3.rel1.20251027-0700) 14.3.1 20250623
Copyright (C) 2024 Free Software Foundation, Inc.
This is free software; see the source for copying conditions.  There is NO
warranty; not even for MERCHANTABILITY or FITNESS FOR A PARTICULAR PURPOSE.

