Archive member included to satisfy reference by file (symbol)

/home/ubuntu22/.local/share/stm32cube/bundles/gnu-tools-for-stm32/14.3.1+st.2/bin/../lib/gcc/arm-none-eabi/14.3.1/../../../../arm-none-eabi/lib/thumb/v7-m/nofp/libg_nano.a(libc_a-exit.o)
                              /home/ubuntu22/.local/share/stm32cube/bundles/gnu-tools-for-stm32/14.3.1+st.2/bin/../lib/gcc/arm-none-eabi/14.3.1/../../../../arm-none-eabi/lib/thumb/v7-m/nofp/crt0.o (exit)
/home/ubuntu22/.local/share/stm32cube/bundles/gnu-tools-for-stm32/14.3.1+st.2/bin/../lib/gcc/arm-none-eabi/14.3.1/../../../../arm-none-eabi/lib/thumb/v7-m/nofp/libg_nano.a(libc_a-strtoul.o)
                              CMakeFiles/LED.dir/Core/Src/main.c.obj (symbol from plugin) (strtoul)
/home/ubuntu22/.local/share/stm32cube/bundles/gnu-tools-for-stm32/14.3.1+st.2/bin/../lib/gcc/arm-none-eabi/14.3.1/../../../../arm-none-eabi/lib/thumb/v7-m/nofp/libg_nano.a(libc_a-ctype_.o)
                              /home/ubuntu22/.local/share/stm32cube/bundles/gnu-tools-for-stm32/14.3.1+st.2/bin/../lib/gcc/arm-none-eabi/14.3.1/../../../../arm-none-eabi/lib/thumb/v7-m/nofp/libg_nano.a(libc_a-strtoul.o) (_ctype_)
/home/ubuntu22/.local/share/stm32cube/bundles/gnu-tools-for-stm32/14.3.1+st.2/bin/../lib/gcc/arm-none-eabi/14.3.1/../../../../arm-none-eabi/lib/thumb/v7-m/nofp/libg_nano.a(libc_a-findfp.o)
                              /home/ubuntu22/.local/share/stm32cube/bundles/gnu-tools-for-stm32/14.3.1+st.2/bin/../lib/gcc/arm-none-eabi/14.3.1/../../../../arm-none-eabi/lib/thumb/v7-m/nofp/libg_nano.a(libc_a-exit.o) (__stdio_exit_handler)
/home/ubuntu22/.local/share/stm32cube/bundles/gnu-tools-for-stm32/14.3.1+st.2/bin/../lib/gcc/arm-none-eabi/14.3.1/../../../../arm-none-eabi/lib/thumb/v7-m/nofp/libg_nano.a(libc_a-fwalk.o)
                              /home/ubuntu22/.local/share/stm32cube/bundles/gnu-tools-for-stm32/14.3.1+st.2/bin/../lib/gcc/arm-none-eabi/14.3.1/../../../../arm-none-eabi/lib/thumb/v7-m/nofp/libg_nano.a(libc_a-findfp.o) (_fwalk_sglue)
/home/ubuntu22/.local/share/stm32cube/bundles/gnu-tools-for-stm32/14.3.1+st.2/bin/../lib/gcc/arm-none-eabi/14.3.1/../../../../arm-none-eabi/lib/thumb/v7-m/nofp/libg_nano.a(libc_a-stdio.o)
                              /home/ubuntu22/.local/share/stm32cube/bundles/gnu-tools-for-stm32/14.3.1+st.2/bin/../lib/gcc/arm-none-eabi/14.3.1/../../../../arm-none-eabi/lib/thumb/v7-m/nofp/libg_nano.a(libc_a-findfp.o) (__sread)
/home/ubuntu22/.local/share/stm32cube/bundles/gnu-tools-for-stm32/14.3.1+st.2/bin/../lib/gcc/arm-none-eabi/14.3.1/../../../../arm-none-eabi/lib/thumb/v7-m/nofp/libg_nano.a(libc_a-memset.o)
                              /home/ubuntu22/.local/share/stm32cube/bundles/gnu-tools-for-stm32/14.3.1+st.2/bin/../lib/gcc/arm-none-eabi/14.3.1/../../../../arm-none-eabi/lib/thumb/v7-m/nofp/crt0.o (memset)
/home/ubuntu22/.local/share/stm32cube/bundles/gnu-tools-for-stm32/14.3.1+st.2/bin/../lib/gcc/arm-none-eabi/14.3.1/../../../../arm-none-eabi/lib/thumb/v7-m/nofp/libg_nano.a(libc_a-strtok_r.o)
                              CMakeFiles/LED.dir/Core/Src/main.c.obj (symbol from plugin) (strtok_r)
/home/ubuntu22/.local/share/stm32cube/bundles/gnu-tools-for-stm32/14.3.1+st.2/bin/../lib/gcc/arm-none-eabi/14.3.1/../../../../arm-none-eabi/lib/thumb/v7-m/nofp/libg_nano.a(libc_a-closer.o)
                              /home/ubuntu22/.local/share/stm32cube/bundles/gnu-tools-for-stm32/14.3.1+st.2/bin/../lib/gcc/arm-none-eabi/14.3.1/../../../../arm-none-eabi/lib/thumb/v7-m/nofp/libg_nano.a(libc_a-stdio.o) (_close_r)
/home/ubuntu22/.local/share/stm32cube/bundles/gnu-tools-for-stm32/14.3.1+st.2/bin/../lib/gcc/arm-none-eabi/14.3.1/../../../../arm-none-eabi/lib/thumb/v7-m/nofp/libg_nano.a(libc_a-reent.o)
                              /home/ubuntu22/.local/share/stm32cube/bundles/gnu-tools-for-stm32/14.3.1+st.2/bin/../lib/gcc/arm-none-eabi/14.3.1/../../../../arm-none-eabi/lib/thumb/v7-m/nofp/libg_nano.a(libc_a-closer.o) (errno)
/home/ubuntu22/.local/share/stm32cube/bundles/gnu-tools-for-stm32/14.3.1+st.2/bin/../lib/gcc/arm-none-eabi/14.3.1/../../../../arm-none-eabi/lib/thumb/v7-m/nofp/libg_nano.a(libc_a-impure.o)
                              /home/ubuntu22/.local/share/stm32cube/bundles/gnu-tools-for-stm32/14.3.1+st.2/bin/../lib/gcc/arm-none-eabi/14.3.1/../../../../arm-none-eabi/lib/thumb/v7-m/nofp/libg_nano.a(libc_a-strtoul.o) (_impure_ptr)
/home/ubuntu22/.local/share/stm32cube/bundles/gnu-tools-for-stm32/14.3.1+st.2/bin/../lib/gcc/arm-none-eabi/14.3.1/../../../../arm-none-eabi/lib/thumb/v7-m/nofp/libg_nano.a(libc_a-lseekr.o)
                              /home/ubuntu22/.local/share/stm32cube/bundles/gnu-tools-for-stm32/14.3.1+st.2/bin/../lib/gcc/arm-none-eabi/14.3.1/../../../../arm-none-eabi/lib/thumb/v7-m/nofp/libg_nano.a(libc_a-stdio.o) (_lseek_r)
/home/ubuntu22/.local/share/stm32cube/bundles/gnu-tools-for-stm32/14.3.1+st.2/bin/../lib/gcc/arm-none-eabi/14.3.1/../../../../arm-none-eabi/lib/thumb/v7-m/nofp/libg_nano.a(libc_a-readr.o)
[...]
Memory Configuration

Name             Origin             Length             Attributes
RAM              0x20000000         0x00005000         xrw
FLASH            0x08000000         0x0000e000         xr
*default*        0x00000000         0xffffffff

Linker script and memory map

LOAD /home/ubuntu22/.local/share/stm32cube/bundles/gnu-tools-for-stm32/14.3.1+st.2/bin/../lib/gcc/arm-none-eabi/14.3.1/thumb/v7-m/nofp/crti.o
LOAD /home/ubuntu22/.local/share/stm32cube/bundles/gnu-tools-for-stm32/14.3.1+st.2/bin/../lib/gcc/arm-none-eabi/14.3.1/thumb/v7-m/nofp/crtbegin.o
LOAD /home/ubuntu22/.local/share/stm32cube/bundles/gnu-tools-for-stm32/14.3.1+st.2/bin/../lib/gcc/arm-none-eabi/14.3.1/../../../../arm-none-eabi/lib/thumb/v7-m/nofp/crt0.o
LOAD CMakeFiles/LED.dir/Core/Src/main.c.obj
LOAD /tmp/ccnKde5i.ltrans0.ltrans.o
LOAD CMakeFiles/LED.dir/Core/Src/stm32f1xx_it.c.obj
LOAD CMakeFiles/LED.dir/Core/Src/stm32f1xx_hal_msp.c.obj
LOAD CMakeFiles/LED.dir/Core/Src/sysmem.c.obj
LOAD CMakeFiles/LED.dir/Core/Src/syscalls.c.obj
LOAD CMakeFiles/LED.dir/Core/Src/sht30_soft.c.obj
LOAD CMakeFiles/LED.dir/Core/Src/radar.c.obj
LOAD CMakeFiles/LED.dir/Core/Src/lora.c.obj
LOAD CMakeFiles/LED.dir/Core/Src/sound_sensor.c.obj
LOAD CMakeFiles/LED.dir/startup_stm32f103xb.s.obj
LOAD CMakeFiles/LED.dir/Core/Src/ir_learner.c.obj
LOAD CMakeFiles/LED.dir/Core/Src/veml7700_soft.c.obj
LOAD CMakeFiles/LED.dir/Core/Src/RED_LED.c.obj
LOAD CMakeFiles/LED.dir/Core/Src/GREEN_LED.c.obj
LOAD CMakeFiles/LED.dir/Core/Src/BLUE_LED.c.obj
LOAD CMakeFiles/LED.dir/Core/Src/mhz19b_pwm.c.obj
LOAD CMakeFiles/LED.dir/Core/Src/sound_accumulator.c.obj
LOAD CMakeFiles/LED.dir/Core/Src/deferred_action.c.obj
LOAD CMakeFiles/LED.dir/Core/Src/state_sender.c.obj
LOAD cmake/stm32cubemx/CMakeFiles/STM32_Drivers.dir/__/__/Core/Src/system_stm32f1xx.c.obj
LOAD cmake/stm32cubemx/CMakeFiles/STM32_Drivers.dir/__/__/Drivers/STM32F1xx_HAL_Driver/Src/stm32f1xx_hal_gpio_ex.c.obj
LOAD cmake/stm32cubemx/CMakeFiles/STM32_Drivers.dir/__/__/Drivers/STM32F1xx_HAL_Driver/Src/stm32f1xx_hal.c.obj
LOAD cmake/stm32cubemx/CMakeFiles/STM32_Drivers.dir/__/__/Drivers/STM32F1xx_HAL_Driver/Src/stm32f1xx_hal_rcc.c.obj
LOAD cmake/stm32cubemx/CMakeFiles/STM32_Drivers.dir/__/__/Drivers/STM32F1xx_HAL_Driver/Src/stm32f1xx_hal_rcc_ex.c.obj
LOAD cmake/stm32cubemx/CMakeFiles/STM32_Drivers.dir/__/__/Drivers/STM32F1xx_HAL_Driver/Src/stm32f1xx_hal_gpio.c.obj
LOAD cmake/stm32cubemx/CMakeFiles/STM32_Drivers.dir/__/__/Drivers/STM32F1xx_HAL_Driver/Src/stm32f1xx_hal_dma.c.obj
LOAD cmake/stm32cubemx/CMakeFiles/STM32_Drivers.dir/__/__/Drivers/STM32F1xx_HAL_Driver/Src/stm32f1xx_hal_cortex.c.obj
LOAD cmake/stm32cubemx/CMakeFiles/STM32_Drivers.dir/__/__/Drivers/STM32F1xx_HAL_Driver/Src/stm32f1xx_hal_pwr.c.obj
LOAD cmake/stm32cubemx/CMakeFiles/STM32_Drivers.dir/__/__/Drivers/STM32F1xx_HAL_Driver/Src/stm32f1xx_hal_flash.c.obj
LOAD cmake/stm32cubemx/CMakeFiles/STM32_Drivers.dir/__/__/Drivers/STM32F1xx_HAL_Driver/Src/stm32f1xx_hal_flash_ex.c.obj
LOAD cmake/stm32cubemx/CMakeFiles/STM32_Drivers.dir/__/__/Drivers/STM32F1xx_HAL_Driver/Src/stm32f1xx_hal_exti.c.obj
LOAD cmake/stm32cubemx/CMakeFiles/STM32_Drivers.dir/__/__/Drivers/STM32F1xx_HAL_Driver/Src/stm32f1xx_hal_adc.c.obj
LOAD cmake/stm32cubemx/CMakeFiles/STM32_Drivers.dir/__/__/Drivers/STM32F1xx_HAL_Driver/Src/stm32f1xx_hal_adc_ex.c.obj
LOAD cmake/stm32cubemx/CMakeFiles/STM32_Drivers.dir/__/__/Drivers/STM32F1xx_HAL_Driver/Src/stm32f1xx_hal_uart.c.obj
LOAD /home/ubuntu22/.local/share/stm32cube/bundles/gnu-tools-for-stm32/14.3.1+st.2/bin/../lib/gcc/arm-none-eabi/14.3.1/../../../../arm-none-eabi/lib/thumb/v7-m/nofp/libm.a
START GROUP
LOAD /home/ubuntu22/.local/share/stm32cube/bundles/gnu-tools-for-stm32/14.3.1+st.2/bin/../lib/gcc/arm-none-eabi/14.3.1/thumb/v7-m/nofp/libgcc.a
LOAD /home/ubuntu22/.local/share/stm32cube/bundles/gnu-tools-for-stm32/14.3.1+st.2/bin/../lib/gcc/arm-none-eabi/14.3.1/../../../../arm-none-eabi/lib/thumb/v7-m/nofp/libg_nano.a
LOAD /home/ubuntu22/.local/share/stm32cube/bundles/gnu-tools-for-stm32/14.3.1+st.2/bin/../lib/gcc/arm-none-eabi/14.3.1/../../../../arm-none-eabi/lib/thumb/v7-m/nofp/libc_nano.a
END GROUP
START GROUP
LOAD /home/ubuntu22/.local/share/stm32cube/bundles/gnu-tools-for-stm32/14.3.1+st.2/bin/../lib/gcc/arm-none-eabi/14.3.1/thumb/v7-m/nofp/libgcc.a
LOAD /home/ubuntu22/.local/share/stm32cube/bundles/gnu-tools-for-stm32/14.3.1+st.2/bin/../lib/gcc/arm-none-eabi/14.3.1/../../../../arm-none-eabi/lib/thumb/v7-m/nofp/libc_nano.a
END GROUP
LOAD /home/ubuntu22/.local/share/stm32cube/bundles/gnu-tools-for-stm32/14.3.1+st.2/bin/../lib/gcc/arm-none-eabi/14.3.1/thumb/v7-m/nofp/crtend.o
LOAD /home/ubuntu22/.local/share/stm32cube/bundles/gnu-tools-for-stm32/14.3.1+st.2/bin/../lib/gcc/arm-none-eabi/14.3.1/thumb/v7-m/nofp/crtn.o
                0x20005000                        _estack = (ORIGIN (RAM) + LENGTH (RAM))
                0x00000200                        _Min_Heap_Size = 0x200
                0x00001000                        _Min_Stack_Size = 0x1000

.isr_vector     0x08000000      0x10c
                0x08000000                        . = ALIGN (0x4)
 *(.isr_vector)
 .isr_vector    0x08000000      0x10c CMakeFiles/LED.dir/startup_stm32f103xb.s.obj
                0x08000000                g_pfnVectors
                0x0800010c                        . = ALIGN (0x4)

.text           0x0800010c     0x6dcc
                0x0800010c                        . = ALIGN (0x4)
 *(.text)
 .text          0x0800010c       0x40 /home/ubuntu22/.local/share/stm32cube/bundles/gnu-tools-for-stm32/14.3.1+st.2/bin/../lib/gcc/arm-none-eabi/14.3.1/thumb/v7-m/nofp/crtbegin.o
 .text          0x0800014c       0x14 /home/ubuntu22/.local/share/stm32cube/bundles/gnu-tools-for-stm32/14.3.1+st.2/bin/../lib/gcc/arm-none-eabi/14.3.1/../../../../arm-none-eabi/lib/thumb/v7-m/nofp/libg_nano.a(libc_a-strcmp.o)
                0x0800014c                strcmp
 .text          0x08000160       0x10 /home/ubuntu22/.local/share/stm32cube/bundles/gnu-tools-for-stm32/14.3.1+st.2/bin/../lib/gcc/arm-none-eabi/14.3.1/../../../../arm-none-eabi/lib/thumb/v7-m/nofp/libg_nano.a(libc_a-strlen.o)
                0x08000160                strlen
 .text          0x08000170      0x21c /home/ubuntu22/.local/share/stm32cube/bundles/gnu-tools-for-stm32/14.3.1+st.2/bin/../lib/gcc/arm-none-eabi/14.3.1/thumb/v7-m/nofp/libgcc.a(_arm_addsubsf3.o)
                0x08000170                __aeabi_frsub
                0x08000178                __subsf3
                0x08000178                __aeabi_fsub
                0x0800017c                __aeabi_fadd
                0x0800017c                __addsf3
                0x080002dc                __aeabi_ui2f
                0x080002dc                __floatunsisf
                0x080002e4                __aeabi_i2f
                0x080002e4                __floatsisf
                0x08000300                __floatundisf
                0x08000300                __aeabi_ul2f
                0x08000310                __floatdisf
                0x08000310                __aeabi_l2f
 .text          0x0800038c      0x2a0 /home/ubuntu22/.local/share/stm32cube/bundles/gnu-tools-for-stm32/14.3.1+st.2/bin/../lib/gcc/arm-none-eabi/14.3.1/thumb/v7-m/nofp/libgcc.a(_arm_muldivsf3.o)
                0x0800038c                __mulsf3
                0x0800038c                __aeabi_fmul
                0x080004f4                __divsf3
                0x080004f4                __aeabi_fdiv
 .text          0x0800062c       0xec /home/ubuntu22/.local/share/stm32cube/bundles/gnu-tools-for-stm32/14.3.1+st.2/bin/../lib/gcc/arm-none-eabi/14.3.1/thumb/v7-m/nofp/libgcc.a(_arm_cmpsf2.o)
                0x0800062c                __gtsf2
                0x0800062c                __gesf2
                0x08000634                __lesf2
                0x08000634                __ltsf2
                0x0800063c                __nesf2
                0x0800063c                __eqsf2
                0x0800063c                __cmpsf2
                0x0800069c                __aeabi_cfrcmple
                0x080006a4                __aeabi_cfcmple
                0x080006a4                __aeabi_cfcmpeq
                0x080006b4                __aeabi_fcmpeq
                0x080006c8                __aeabi_fcmplt
                0x080006dc                __aeabi_fcmple
                0x080006f0                __aeabi_fcmpge
                0x08000704                __aeabi_fcmpgt
 .text          0x08000718       0x4c /home/ubuntu22/.local/share/stm32cube/bundles/gnu-tools-for-stm32/14.3.1+st.2/bin/../lib/gcc/arm-none-eabi/14.3.1/thumb/v7-m/nofp/libgcc.a(_arm_fixsfsi.o)
                0x08000718                __fixsfsi
                0x08000718                __aeabi_f2iz
 *(.text*)
 .text.DEBUG_SendString
                0x08000764       0x48 /tmp/ccnKde5i.ltrans0.ltrans.o
 .text.IRBind_HexNibble
                0x080007ac       0x2c /tmp/ccnKde5i.ltrans0.ltrans.o
 .text.RADAR_ExitCritical
                0x080007d8        0x8 /tmp/ccnKde5i.ltrans0.ltrans.o
 .text.IR_StorageCrc32
                0x080007e0       0x34 /tmp/ccnKde5i.ltrans0.ltrans.o
 .text.VEML7700_Delay_us
                0x08000814       0x2c /tmp/ccnKde5i.ltrans0.ltrans.o
 .text.StateSender_ConsumeFastQuota
                0x08000840       0x1c /tmp/ccnKde5i.ltrans0.ltrans.o
 .text.IR_ParseFrameAfn.constprop.0
                0x0800085c       0x4e /tmp/ccnKde5i.ltrans0.ltrans.o
 .text.IRBind_ParseUInt32.constprop.0
                0x080008aa       0x38 /tmp/ccnKde5i.ltrans0.ltrans.o
 *fill*         0x080008e2        0x2 
 .text.IRBind_AbortSession
                0x080008e4       0x20 /tmp/ccnKde5i.ltrans0.ltrans.o
 .text.LORA_MarkUplinkAndTrackGetdata
                0x08000904       0x30 /tmp/ccnKde5i.ltrans0.ltrans.o
 .text.RED_LED_Breathing_Update.part.0
                0x08000934       0xa8 /tmp/ccnKde5i.ltrans0.ltrans.o
 .text.SoundAccumulator_Init
                0x080009dc       0x20 /tmp/ccnKde5i.ltrans0.ltrans.o
 .text.MHZ19B_Co2SM_Update.constprop.0
                0x080009fc       0x7c /tmp/ccnKde5i.ltrans0.ltrans.o
 .text.IR_LogTxFrame.constprop.0
                0x08000a78       0xb0 /tmp/ccnKde5i.ltrans0.ltrans.o
 .text.LORA_RearmRxIT
                0x08000b28       0x88 /tmp/ccnKde5i.ltrans0.ltrans.o
 .text.RELAY_On
                0x08000bb0       0x10 /tmp/ccnKde5i.ltrans0.ltrans.o
 .text.RELAY2_On
                0x08000bc0       0x10 /tmp/ccnKde5i.ltrans0.ltrans.o
 .text.RED_LED_Off
                0x08000bd0       0x20 /tmp/ccnKde5i.ltrans0.ltrans.o
 .text.LORA_HandleGetDataAck
                0x08000bf0       0x4c /tmp/ccnKde5i.ltrans0.ltrans.o
 .text.RADAR_Process
                0x08000c3c      0x1e0 /tmp/ccnKde5i.ltrans0.ltrans.o
 .text.Radar_Process_Data
                0x08000e1c       0x44 /tmp/ccnKde5i.ltrans0.ltrans.o
 .text.LORA_SendFormattedData.part.0
                0x08000e60       0x64 /tmp/ccnKde5i.ltrans0.ltrans.o
 .text.Send_Config_Request
                0x08000ec4       0x8c /tmp/ccnKde5i.ltrans0.ltrans.o
 .text.StateSender_SendFast
                0x08000f50       0xa8 /tmp/ccnKde5i.ltrans0.ltrans.o
 .text.StateSender_SendFastImmediate.isra.0
                0x08000ff8       0x24 /tmp/ccnKde5i.ltrans0.ltrans.o
 .text.StateSender_ReportRelayActionOnce
                0x0800101c       0x1c /tmp/ccnKde5i.ltrans0.ltrans.o
 .text.IR_SendPacket
                0x08001038      0x13c /tmp/ccnKde5i.ltrans0.ltrans.o
 .text.IR_ProcessPendingUartRecover
                0x08001174       0x94 /tmp/ccnKde5i.ltrans0.ltrans.o
 .text.IR_UART_ErrorCallback.part.0
                0x08001208      0x1f8 /tmp/ccnKde5i.ltrans0.ltrans.o
 .text.DeferredAction_Schedule.constprop.0
                0x08001400       0x74 /tmp/ccnKde5i.ltrans0.ltrans.o
 .text.SHT30_SDA_OUT
                0x08001474       0x20 /tmp/ccnKde5i.ltrans0.ltrans.o
 .text.VEML7700_IIC_Start
                0x08001494       0x48 /tmp/ccnKde5i.ltrans0.ltrans.o
 .text.VEML7700_IIC_Stop
                0x080014dc       0x40 /tmp/ccnKde5i.ltrans0.ltrans.o
 .text.VEML7700_IIC_Write_Byte
                0x0800151c       0x5c /tmp/ccnKde5i.ltrans0.ltrans.o
 .text.SHT30_IIC_Start
                0x08001578       0x38 /tmp/ccnKde5i.ltrans0.ltrans.o
 .text.SHT30_IIC_Stop
                0x080015b0       0x2c /tmp/ccnKde5i.ltrans0.ltrans.o
 .text.SHT30_IIC_Write_Byte
                0x080015dc       0x4c /tmp/ccnKde5i.ltrans0.ltrans.o
 .text.SHT30_SDA_IN
                0x08001628       0x20 /tmp/ccnKde5i.ltrans0.ltrans.o
 .text.VEML7700_IIC_Wait_Ack
                0x08001648       0x60 /tmp/ccnKde5i.ltrans0.ltrans.o
 .text.VEML7700_WriteReg.constprop.0
                0x080016a8       0x56 /tmp/ccnKde5i.ltrans0.ltrans.o
 *fill*         0x080016fe        0x2 
 .text.VEML7700_IIC_Read_Byte
                0x08001700       0xb8 /tmp/ccnKde5i.ltrans0.ltrans.o
 .text.VEML7700_ReadReg
                0x080017b8       0x5e /tmp/ccnKde5i.ltrans0.ltrans.o
 *fill*         0x08001816        0x2 
 .text.VEML7700_Soft_Init.isra.0
                0x08001818       0x50 /tmp/ccnKde5i.ltrans0.ltrans.o
 .text.SHT30_IIC_Wait_Ack
                0x08001868       0x48 /tmp/ccnKde5i.ltrans0.ltrans.o
 .text.SHT30_IIC_Read_Byte
                0x080018b0       0x8c /tmp/ccnKde5i.ltrans0.ltrans.o
 .text.SOUND_SENSOR_ReadRaw
                0x0800193c       0x70 /tmp/ccnKde5i.ltrans0.ltrans.o
 .text.SoundAccumulator_Update
                0x080019ac       0x44 /tmp/ccnKde5i.ltrans0.ltrans.o
 .text.IR_StorageProgramBytes
                0x080019f0       0x54 /tmp/ccnKde5i.ltrans0.ltrans.o
 .text.IR_AssembleFrames
                0x08001a44      0x104 /tmp/ccnKde5i.ltrans0.ltrans.o
 .text.IR_Process
                0x08001b48      0x1fc /tmp/ccnKde5i.ltrans0.ltrans.o
 .text.LORA_WaitCooperativeMs
                0x08001d44       0x3c /tmp/ccnKde5i.ltrans0.ltrans.o
 .text.LORA_SendATCommand
                0x08001d80      0x12c /tmp/ccnKde5i.ltrans0.ltrans.o
 .text.LORA_Init.constprop.0
                0x08001eac      0x1e0 /tmp/ccnKde5i.ltrans0.ltrans.o
 .text.RED_LED_Breathing_Init
                0x0800208c      0x124 /tmp/ccnKde5i.ltrans0.ltrans.o
 .text.startup.main
                0x080021b0     0x1df8 /tmp/ccnKde5i.ltrans0.ltrans.o
                0x080021b0                main
 .text.HAL_UARTEx_RxEventCallback
                0x08003fa8       0x94 /tmp/ccnKde5i.ltrans0.ltrans.o
                0x08003fa8                HAL_UARTEx_RxEventCallback
 .text.HAL_UART_ErrorCallback
                0x0800403c      0x134 /tmp/ccnKde5i.ltrans0.ltrans.o
                0x0800403c                HAL_UART_ErrorCallback
 .text.NMI_Handler
                0x08004170        0x2 /tmp/ccnKde5i.ltrans0.ltrans.o
                0x08004170                NMI_Handler
 .text.HardFault_Handler
                0x08004172       0x70 /tmp/ccnKde5i.ltrans0.ltrans.o
                0x08004172                HardFault_Handler
 .text.MemManage_Handler
                0x080041e2        0x2 /tmp/ccnKde5i.ltrans0.ltrans.o
                0x080041e2                MemManage_Handler
 .text.BusFault_Handler
                0x080041e4        0x2 /tmp/ccnKde5i.ltrans0.ltrans.o
                0x080041e4                BusFault_Handler
 .text.UsageFault_Handler
                0x080041e6        0x2 /tmp/ccnKde5i.ltrans0.ltrans.o
                0x080041e6                UsageFault_Handler
 .text.SVC_Handler
                0x080041e8        0x2 /tmp/ccnKde5i.ltrans0.ltrans.o
                0x080041e8                SVC_Handler
 .text.DebugMon_Handler
                0x080041ea        0x2 /tmp/ccnKde5i.ltrans0.ltrans.o
                0x080041ea                DebugMon_Handler
 .text.PendSV_Handler
                0x080041ec        0x2 /tmp/ccnKde5i.ltrans0.ltrans.o
                0x080041ec                PendSV_Handler
 .text.SysTick_Handler
                0x080041ee        0x4 /tmp/ccnKde5i.ltrans0.ltrans.o
                0x080041ee                SysTick_Handler
 *fill*         0x080041f2        0x2 
 .text.USART1_IRQHandler
                0x080041f4        0xc /tmp/ccnKde5i.ltrans0.ltrans.o
                0x080041f4                USART1_IRQHandler
 .text.USART2_IRQHandler
                0x08004200       0x94 /tmp/ccnKde5i.ltrans0.ltrans.o
                0x08004200                USART2_IRQHandler
 .text.USART3_IRQHandler
                0x08004294        0xc /tmp/ccnKde5i.ltrans0.ltrans.o
                0x08004294                USART3_IRQHandler
 .text.DMA1_Channel5_IRQHandler
                0x080042a0        0xc /tmp/ccnKde5i.ltrans0.ltrans.o
                0x080042a0                DMA1_Channel5_IRQHandler
 .text.DMA1_Channel3_IRQHandler
                0x080042ac        0xc /tmp/ccnKde5i.ltrans0.ltrans.o
                0x080042ac                DMA1_Channel3_IRQHandler
 .text.EXTI9_5_IRQHandler
                0x080042b8       0x70 /tmp/ccnKde5i.ltrans0.ltrans.o
                0x080042b8                EXTI9_5_IRQHandler
 .text.HAL_MspInit
                0x08004328       0x4c /tmp/ccnKde5i.ltrans0.ltrans.o
                0x08004328                HAL_MspInit
 .text.HAL_ADC_MspInit
                0x08004374       0x5c /tmp/ccnKde5i.ltrans0.ltrans.o
                0x08004374                HAL_ADC_MspInit
 .text.HAL_UART_MspInit
                0x080043d0      0x1f4 /tmp/ccnKde5i.ltrans0.ltrans.o
                0x080043d0                HAL_UART_MspInit
 .text._sbrk    0x080045c4       0x3c /tmp/ccnKde5i.ltrans0.ltrans.o
                0x080045c4                _sbrk
 .text.HAL_UART_RxCpltCallback
                0x08004600       0x78 /tmp/ccnKde5i.ltrans0.ltrans.o
                0x08004600                HAL_UART_RxCpltCallback
 .text.Reset_Handler
                0x08004678       0x48 CMakeFiles/LED.dir/startup_stm32f103xb.s.obj
                0x08004678                Reset_Handler
 .text.Default_Handler
                0x080046c0        0x2 CMakeFiles/LED.dir/startup_stm32f103xb.s.obj
                0x080046c0                RTC_Alarm_IRQHandler
                0x080046c0                EXTI2_IRQHandler
                0x080046c0                TIM1_CC_IRQHandler
                0x080046c0                PVD_IRQHandler
                0x080046c0                EXTI3_IRQHandler
                0x080046c0                EXTI0_IRQHandler
                0x080046c0                I2C2_EV_IRQHandler
                0x080046c0                ADC1_2_IRQHandler
                0x080046c0                SPI1_IRQHandler
                0x080046c0                TAMPER_IRQHandler
                0x080046c0                DMA1_Channel4_IRQHandler
                0x080046c0                RTC_IRQHandler
                0x080046c0                DMA1_Channel7_IRQHandler
                0x080046c0                CAN1_RX1_IRQHandler
                0x080046c0                TIM4_IRQHandler
                0x080046c0                I2C1_EV_IRQHandler
                0x080046c0                DMA1_Channel6_IRQHandler
                0x080046c0                TIM3_IRQHandler
                0x080046c0                RCC_IRQHandler
                0x080046c0                TIM1_TRG_COM_IRQHandler
                0x080046c0                DMA1_Channel1_IRQHandler
                0x080046c0                Default_Handler
                0x080046c0                EXTI15_10_IRQHandler
                0x080046c0                SPI2_IRQHandler
                0x080046c0                EXTI4_IRQHandler
                0x080046c0                USB_LP_CAN1_RX0_IRQHandler
                0x080046c0                USB_HP_CAN1_TX_IRQHandler
                0x080046c0                TIM1_UP_IRQHandler
                0x080046c0                WWDG_IRQHandler
                0x080046c0                TIM2_IRQHandler
                0x080046c0                TIM1_BRK_IRQHandler
                0x080046c0                EXTI1_IRQHandler
                0x080046c0                I2C2_ER_IRQHandler
                0x080046c0                DMA1_Channel2_IRQHandler
                0x080046c0                CAN1_SCE_IRQHandler
                0x080046c0                FLASH_IRQHandler
                0x080046c0                I2C1_ER_IRQHandler
                0x080046c0                USBWakeUp_IRQHandler
 .text.SystemInit
                0x080046c2        0x2 cmake/stm32cubemx/CMakeFiles/STM32_Drivers.dir/__/__/Core/Src/system_stm32f1xx.c.obj
                0x080046c2                SystemInit
 .text.HAL_InitTick
                0x080046c4       0x48 cmake/stm32cubemx/CMakeFiles/STM32_Drivers.dir/__/__/Drivers/STM32F1xx_HAL_Driver/Src/stm32f1xx_hal.c.obj
                0x080046c4                HAL_InitTick
 .text.HAL_Init
                0x0800470c       0x24 cmake/stm32cubemx/CMakeFiles/STM32_Drivers.dir/__/__/Drivers/STM32F1xx_HAL_Driver/Src/stm32f1xx_hal.c.obj
                0x0800470c                HAL_Init
 .text.HAL_IncTick
                0x08004730       0x18 cmake/stm32cubemx/CMakeFiles/STM32_Drivers.dir/__/__/Drivers/STM32F1xx_HAL_Driver/Src/stm32f1xx_hal.c.obj
                0x08004730                HAL_IncTick
 .text.HAL_GetTick
                0x08004748        0xc cmake/stm32cubemx/CMakeFiles/STM32_Drivers.dir/__/__/Drivers/STM32F1xx_HAL_Driver/Src/stm32f1xx_hal.c.obj
                0x08004748                HAL_GetTick
 .text.HAL_Delay
                0x08004754       0x24 cmake/stm32cubemx/CMakeFiles/STM32_Drivers.dir/__/__/Drivers/STM32F1xx_HAL_Driver/Src/stm32f1xx_hal.c.obj
                0x08004754                HAL_Delay
 .text.HAL_RCC_OscConfig
                0x08004778      0x338 cmake/stm32cubemx/CMakeFiles/STM32_Drivers.dir/__/__/Drivers/STM32F1xx_HAL_Driver/Src/stm32f1xx_hal_rcc.c.obj
                0x08004778                HAL_RCC_OscConfig
 .text.HAL_RCC_GetSysClockFreq
                0x08004ab0       0x4c cmake/stm32cubemx/CMakeFiles/STM32_Drivers.dir/__/__/Drivers/STM32F1xx_HAL_Driver/Src/stm32f1xx_hal_rcc.c.obj
                0x08004ab0                HAL_RCC_GetSysClockFreq
 .text.HAL_RCC_ClockConfig
                0x08004afc      0x138 cmake/stm32cubemx/CMakeFiles/STM32_Drivers.dir/__/__/Drivers/STM32F1xx_HAL_Driver/Src/stm32f1xx_hal_rcc.c.obj
                0x08004afc                HAL_RCC_ClockConfig
 .text.HAL_RCC_GetHCLKFreq
                0x08004c34        0xc cmake/stm32cubemx/CMakeFiles/STM32_Drivers.dir/__/__/Drivers/STM32F1xx_HAL_Driver/Src/stm32f1xx_hal_rcc.c.obj
                0x08004c34                HAL_RCC_GetHCLKFreq
 .text.HAL_RCC_GetPCLK1Freq
                0x08004c40       0x20 cmake/stm32cubemx/CMakeFiles/STM32_Drivers.dir/__/__/Drivers/STM32F1xx_HAL_Driver/Src/stm32f1xx_hal_rcc.c.obj
                0x08004c40                HAL_RCC_GetPCLK1Freq
 .text.HAL_RCC_GetPCLK2Freq
                0x08004c60       0x20 cmake/stm32cubemx/CMakeFiles/STM32_Drivers.dir/__/__/Drivers/STM32F1xx_HAL_Driver/Src/stm32f1xx_hal_rcc.c.obj
                0x08004c60                HAL_RCC_GetPCLK2Freq
 .text.HAL_RCCEx_GetPeriphCLKFreq
                0x08004c80       0xbc cmake/stm32cubemx/CMakeFiles/STM32_Drivers.dir/__/__/Drivers/STM32F1xx_HAL_Driver/Src/stm32f1xx_hal_rcc_ex.c.obj
                0x08004c80                HAL_RCCEx_GetPeriphCLKFreq
 .text.HAL_GPIO_Init
                0x08004d3c      0x1a8 cmake/stm32cubemx/CMakeFiles/STM32_Drivers.dir/__/__/Drivers/STM32F1xx_HAL_Driver/Src/stm32f1xx_hal_gpio.c.obj
                0x08004d3c                HAL_GPIO_Init
 .text.HAL_GPIO_ReadPin
                0x08004ee4        0xc cmake/stm32cubemx/CMakeFiles/STM32_Drivers.dir/__/__/Drivers/STM32F1xx_HAL_Driver/Src/stm32f1xx_hal_gpio.c.obj
                0x08004ee4                HAL_GPIO_ReadPin
 .text.HAL_GPIO_WritePin
                0x08004ef0        0xa cmake/stm32cubemx/CMakeFiles/STM32_Drivers.dir/__/__/Drivers/STM32F1xx_HAL_Driver/Src/stm32f1xx_hal_gpio.c.obj
                0x08004ef0                HAL_GPIO_WritePin
 *fill*         0x08004efa        0x2 
 .text.HAL_DMA_Init
                0x08004efc       0x60 cmake/stm32cubemx/CMakeFiles/STM32_Drivers.dir/__/__/Drivers/STM32F1xx_HAL_Driver/Src/stm32f1xx_hal_dma.c.obj
                0x08004efc                HAL_DMA_Init
 .text.HAL_DMA_Start_IT
                0x08004f5c       0x78 cmake/stm32cubemx/CMakeFiles/STM32_Drivers.dir/__/__/Drivers/STM32F1xx_HAL_Driver/Src/stm32f1xx_hal_dma.c.obj
                0x08004f5c                HAL_DMA_Start_IT
 .text.HAL_DMA_Abort
                0x08004fd4       0x3e cmake/stm32cubemx/CMakeFiles/STM32_Drivers.dir/__/__/Drivers/STM32F1xx_HAL_Driver/Src/stm32f1xx_hal_dma.c.obj
                0x08004fd4                HAL_DMA_Abort
 *fill*         0x08005012        0x2 
 .text.HAL_DMA_Abort_IT
                0x08005014       0x8c cmake/stm32cubemx/CMakeFiles/STM32_Drivers.dir/__/__/Drivers/STM32F1xx_HAL_Driver/Src/stm32f1xx_hal_dma.c.obj
                0x08005014                HAL_DMA_Abort_IT
 .text.HAL_DMA_IRQHandler
                0x080050a0      0x128 cmake/stm32cubemx/CMakeFiles/STM32_Drivers.dir/__/__/Drivers/STM32F1xx_HAL_Driver/Src/stm32f1xx_hal_dma.c.obj
                0x080050a0                HAL_DMA_IRQHandler
 .text.HAL_DMA_GetError
                0x080051c8        0x4 cmake/stm32cubemx/CMakeFiles/STM32_Drivers.dir/__/__/Drivers/STM32F1xx_HAL_Driver/Src/stm32f1xx_hal_dma.c.obj
                0x080051c8                HAL_DMA_GetError
 .text.HAL_NVIC_SetPriorityGrouping
                0x080051cc       0x24 cmake/stm32cubemx/CMakeFiles/STM32_Drivers.dir/__/__/Drivers/STM32F1xx_HAL_Driver/Src/stm32f1xx_hal_cortex.c.obj
                0x080051cc                HAL_NVIC_SetPriorityGrouping
 .text.HAL_NVIC_SetPriority
                0x080051f0       0x60 cmake/stm32cubemx/CMakeFiles/STM32_Drivers.dir/__/__/Drivers/STM32F1xx_HAL_Driver/Src/stm32f1xx_hal_cortex.c.obj
                0x080051f0                HAL_NVIC_SetPriority
 .text.HAL_NVIC_EnableIRQ
                0x08005250       0x1c cmake/stm32cubemx/CMakeFiles/STM32_Drivers.dir/__/__/Drivers/STM32F1xx_HAL_Driver/Src/stm32f1xx_hal_cortex.c.obj
                0x08005250                HAL_NVIC_EnableIRQ
 .text.HAL_SYSTICK_Config
                0x0800526c       0x28 cmake/stm32cubemx/CMakeFiles/STM32_Drivers.dir/__/__/Drivers/STM32F1xx_HAL_Driver/Src/stm32f1xx_hal_cortex.c.obj
                0x0800526c                HAL_SYSTICK_Config
 .text.FLASH_SetErrorCode
                0x08005294       0x50 cmake/stm32cubemx/CMakeFiles/STM32_Drivers.dir/__/__/Drivers/STM32F1xx_HAL_Driver/Src/stm32f1xx_hal_flash.c.obj
 .text.HAL_FLASH_Unlock
                0x080052e4       0x24 cmake/stm32cubemx/CMakeFiles/STM32_Drivers.dir/__/__/Drivers/STM32F1xx_HAL_Driver/Src/stm32f1xx_hal_flash.c.obj
                0x080052e4                HAL_FLASH_Unlock
 .text.HAL_FLASH_Lock
                0x08005308       0x14 cmake/stm32cubemx/CMakeFiles/STM32_Drivers.dir/__/__/Drivers/STM32F1xx_HAL_Driver/Src/stm32f1xx_hal_flash.c.obj
                0x08005308                HAL_FLASH_Lock
 .text.FLASH_WaitForLastOperation
                0x0800531c       0x54 cmake/stm32cubemx/CMakeFiles/STM32_Drivers.dir/__/__/Drivers/STM32F1xx_HAL_Driver/Src/stm32f1xx_hal_flash.c.obj
                0x0800531c                FLASH_WaitForLastOperation
 .text.HAL_FLASH_Program
                0x08005370       0xa4 cmake/stm32cubemx/CMakeFiles/STM32_Drivers.dir/__/__/Drivers/STM32F1xx_HAL_Driver/Src/stm32f1xx_hal_flash.c.obj
                0x08005370                HAL_FLASH_Program
 .text.FLASH_PageErase
                0x08005414       0x24 cmake/stm32cubemx/CMakeFiles/STM32_Drivers.dir/__/__/Drivers/STM32F1xx_HAL_Driver/Src/stm32f1xx_hal_flash_ex.c.obj
                0x08005414                FLASH_PageErase
 .text.HAL_FLASHEx_Erase
                0x08005438       0xa8 cmake/stm32cubemx/CMakeFiles/STM32_Drivers.dir/__/__/Drivers/STM32F1xx_HAL_Driver/Src/stm32f1xx_hal_flash_ex.c.obj
                0x08005438                HAL_FLASHEx_Erase
 .text.HAL_ADC_PollForConversion
                0x080054e0      0x148 cmake/stm32cubemx/CMakeFiles/STM32_Drivers.dir/__/__/Drivers/STM32F1xx_HAL_Driver/Src/stm32f1xx_hal_adc.c.obj
                0x080054e0                HAL_ADC_PollForConversion
 .text.HAL_ADC_GetValue
                0x08005628        0x6 cmake/stm32cubemx/CMakeFiles/STM32_Drivers.dir/__/__/Drivers/STM32F1xx_HAL_Driver/Src/stm32f1xx_hal_adc.c.obj
                0x08005628                HAL_ADC_GetValue
 *fill*         0x0800562e        0x2 
 .text.HAL_ADC_ConfigChannel
                0x08005630       0xfc cmake/stm32cubemx/CMakeFiles/STM32_Drivers.dir/__/__/Drivers/STM32F1xx_HAL_Driver/Src/stm32f1xx_hal_adc.c.obj
                0x08005630                HAL_ADC_ConfigChannel
 .text.ADC_Enable
                0x0800572c       0x78 cmake/stm32cubemx/CMakeFiles/STM32_Drivers.dir/__/__/Drivers/STM32F1xx_HAL_Driver/Src/stm32f1xx_hal_adc.c.obj
                0x0800572c                ADC_Enable
 .text.HAL_ADC_Start
                0x080057a4       0xc4 cmake/stm32cubemx/CMakeFiles/STM32_Drivers.dir/__/__/Drivers/STM32F1xx_HAL_Driver/Src/stm32f1xx_hal_adc.c.obj
                0x080057a4                HAL_ADC_Start
 .text.ADC_ConversionStop_Disable
                0x08005868       0x4c cmake/stm32cubemx/CMakeFiles/STM32_Drivers.dir/__/__/Drivers/STM32F1xx_HAL_Driver/Src/stm32f1xx_hal_adc.c.obj
                0x08005868                ADC_ConversionStop_Disable
 .text.HAL_ADC_Init
                0x080058b4       0xfc cmake/stm32cubemx/CMakeFiles/STM32_Drivers.dir/__/__/Drivers/STM32F1xx_HAL_Driver/Src/stm32f1xx_hal_adc.c.obj
                0x080058b4                HAL_ADC_Init
 .text.HAL_ADC_Stop
                0x080059b0       0x34 cmake/stm32cubemx/CMakeFiles/STM32_Drivers.dir/__/__/Drivers/STM32F1xx_HAL_Driver/Src/stm32f1xx_hal_adc.c.obj
                0x080059b0                HAL_ADC_Stop
 .text.HAL_ADCEx_Calibration_Start
                0x080059e4       0xe0 cmake/stm32cubemx/CMakeFiles/STM32_Drivers.dir/__/__/Drivers/STM32F1xx_HAL_Driver/Src/stm32f1xx_hal_adc_ex.c.obj
                0x080059e4                HAL_ADCEx_Calibration_Start
 .text.UART_EndRxTransfer
                0x08005ac4       0x5c cmake/stm32cubemx/CMakeFiles/STM32_Drivers.dir/__/__/Drivers/STM32F1xx_HAL_Driver/Src/stm32f1xx_hal_uart.c.obj
 .text.UART_SetConfig
                0x08005b20       0x74 cmake/stm32cubemx/CMakeFiles/STM32_Drivers.dir/__/__/Drivers/STM32F1xx_HAL_Driver/Src/stm32f1xx_hal_uart.c.obj
 .text.UART_WaitOnFlagUntilTimeout.constprop.0
                0x08005b94       0x64 cmake/stm32cubemx/CMakeFiles/STM32_Drivers.dir/__/__/Drivers/STM32F1xx_HAL_Driver/Src/stm32f1xx_hal_uart.c.obj
 .text.HAL_UART_Init
                0x08005bf8       0x5e cmake/stm32cubemx/CMakeFiles/STM32_Drivers.dir/__/__/Drivers/STM32F1xx_HAL_Driver/Src/stm32f1xx_hal_uart.c.obj
                0x08005bf8                HAL_UART_Init
 .text.HAL_UART_Transmit
                0x08005c56       0x9c cmake/stm32cubemx/CMakeFiles/STM32_Drivers.dir/__/__/Drivers/STM32F1xx_HAL_Driver/Src/stm32f1xx_hal_uart.c.obj
                0x08005c56                HAL_UART_Transmit
 .text.HAL_UART_AbortReceive
                0x08005cf2       0x9e cmake/stm32cubemx/CMakeFiles/STM32_Drivers.dir/__/__/Drivers/STM32F1xx_HAL_Driver/Src/stm32f1xx_hal_uart.c.obj
                0x08005cf2                HAL_UART_AbortReceive
 .text.HAL_UART_TxCpltCallback
                0x08005d90        0x2 cmake/stm32cubemx/CMakeFiles/STM32_Drivers.dir/__/__/Drivers/STM32F1xx_HAL_Driver/Src/stm32f1xx_hal_uart.c.obj
                0x08005d90                HAL_UART_TxCpltCallback
 .text.HAL_UART_RxHalfCpltCallback
                0x08005d92        0x2 cmake/stm32cubemx/CMakeFiles/STM32_Drivers.dir/__/__/Drivers/STM32F1xx_HAL_Driver/Src/stm32f1xx_hal_uart.c.obj
                0x08005d92                HAL_UART_RxHalfCpltCallback
 .text.UART_DMAError
                0x08005d94       0x5a cmake/stm32cubemx/CMakeFiles/STM32_Drivers.dir/__/__/Drivers/STM32F1xx_HAL_Driver/Src/stm32f1xx_hal_uart.c.obj
 .text.UART_DMAAbortOnError
                0x08005dee       0x10 cmake/stm32cubemx/CMakeFiles/STM32_Drivers.dir/__/__/Drivers/STM32F1xx_HAL_Driver/Src/stm32f1xx_hal_uart.c.obj
 .text.UART_DMARxHalfCplt
                0x08005dfe       0x1e cmake/stm32cubemx/CMakeFiles/STM32_Drivers.dir/__/__/Drivers/STM32F1xx_HAL_Driver/Src/stm32f1xx_hal_uart.c.obj
 .text.UART_DMAReceiveCplt
                0x08005e1c       0x98 cmake/stm32cubemx/CMakeFiles/STM32_Drivers.dir/__/__/Drivers/STM32F1xx_HAL_Driver/Src/stm32f1xx_hal_uart.c.obj
 .text.UART_Receive_IT.isra.0
                0x08005eb4       0xb4 cmake/stm32cubemx/CMakeFiles/STM32_Drivers.dir/__/__/Drivers/STM32F1xx_HAL_Driver/Src/stm32f1xx_hal_uart.c.obj
 .text.HAL_UART_IRQHandler
                0x08005f68      0x294 cmake/stm32cubemx/CMakeFiles/STM32_Drivers.dir/__/__/Drivers/STM32F1xx_HAL_Driver/Src/stm32f1xx_hal_uart.c.obj
                0x08005f68                HAL_UART_IRQHandler
 .text.UART_Start_Receive_IT
                0x080061fc       0x32 cmake/stm32cubemx/CMakeFiles/STM32_Drivers.dir/__/__/Drivers/STM32F1xx_HAL_Driver/Src/stm32f1xx_hal_uart.c.obj
                0x080061fc                UART_Start_Receive_IT
 .text.HAL_UART_Receive_IT
                0x0800622e       0x22 cmake/stm32cubemx/CMakeFiles/STM32_Drivers.dir/__/__/Drivers/STM32F1xx_HAL_Driver/Src/stm32f1xx_hal_uart.c.obj
                0x0800622e                HAL_UART_Receive_IT
 .text.UART_Start_Receive_DMA
                0x08006250       0x98 cmake/stm32cubemx/CMakeFiles/STM32_Drivers.dir/__/__/Drivers/STM32F1xx_HAL_Driver/Src/stm32f1xx_hal_uart.c.obj
                0x08006250                UART_Start_Receive_DMA
 .text.HAL_UARTEx_ReceiveToIdle_DMA
                0x080062e8       0x56 cmake/stm32cubemx/CMakeFiles/STM32_Drivers.dir/__/__/Drivers/STM32F1xx_HAL_Driver/Src/stm32f1xx_hal_uart.c.obj
                0x080062e8                HAL_UARTEx_ReceiveToIdle_DMA
 *fill*         0x0800633e        0x2 
 .text._strtoul_l.isra.0
                0x08006340       0xdc /home/ubuntu22/.local/share/stm32cube/bundles/gnu-tools-for-stm32/14.3.1+st.2/bin/../lib/gcc/arm-none-eabi/14.3.1/../../../../arm-none-eabi/lib/thumb/v7-m/nofp/libg_nano.a(libc_a-strtoul.o)
 .text.strtoul  0x0800641c       0x14 /home/ubuntu22/.local/share/stm32cube/bundles/gnu-tools-for-stm32/14.3.1+st.2/bin/../lib/gcc/arm-none-eabi/14.3.1/../../../../arm-none-eabi/lib/thumb/v7-m/nofp/libg_nano.a(libc_a-strtoul.o)
                0x0800641c                strtoul
 .text.memset   0x08006430       0x10 /home/ubuntu22/.local/share/stm32cube/bundles/gnu-tools-for-stm32/14.3.1+st.2/bin/../lib/gcc/arm-none-eabi/14.3.1/../../../../arm-none-eabi/lib/thumb/v7-m/nofp/libg_nano.a(libc_a-memset.o)
                0x08006430                memset
 .text.__strtok_r
                0x08006440       0x50 /home/ubuntu22/.local/share/stm32cube/bundles/gnu-tools-for-stm32/14.3.1+st.2/bin/../lib/gcc/arm-none-eabi/14.3.1/../../../../arm-none-eabi/lib/thumb/v7-m/nofp/libg_nano.a(libc_a-strtok_r.o)
                0x08006440                __strtok_r
 .text.strtok_r
                0x08006490        0x6 /home/ubuntu22/.local/share/stm32cube/bundles/gnu-tools-for-stm32/14.3.1+st.2/bin/../lib/gcc/arm-none-eabi/14.3.1/../../../../arm-none-eabi/lib/thumb/v7-m/nofp/libg_nano.a(libc_a-strtok_r.o)
                0x08006490                strtok_r
 *fill*         0x08006496        0x2 
 .text.__errno  0x08006498        0xc /home/ubuntu22/.local/share/stm32cube/bundles/gnu-tools-for-stm32/14.3.1+st.2/bin/../lib/gcc/arm-none-eabi/14.3.1/../../../../arm-none-eabi/lib/thumb/v7-m/nofp/libg_nano.a(libc_a-errno.o)
                0x08006498                __errno
 .text.__libc_init_array
                0x080064a4       0x48 /home/ubuntu22/.local/share/stm32cube/bundles/gnu-tools-for-stm32/14.3.1+st.2/bin/../lib/gcc/arm-none-eabi/14.3.1/../../../../arm-none-eabi/lib/thumb/v7-m/nofp/libg_nano.a(libc_a-init.o)
                0x080064a4                __libc_init_array
 .text.__retarget_lock_acquire_recursive
                0x080064ec        0x2 /home/ubuntu22/.local/share/stm32cube/bundles/gnu-tools-for-stm32/14.3.1+st.2/bin/../lib/gcc/arm-none-eabi/14.3.1/../../../../arm-none-eabi/lib/thumb/v7-m/nofp/libg_nano.a(libc_a-lock.o)
                0x080064ec                __retarget_lock_acquire_recursive
 .text.__retarget_lock_release_recursive
                0x080064ee        0x2 /home/ubuntu22/.local/share/stm32cube/bundles/gnu-tools-for-stm32/14.3.1+st.2/bin/../lib/gcc/arm-none-eabi/14.3.1/../../../../arm-none-eabi/lib/thumb/v7-m/nofp/libg_nano.a(libc_a-lock.o)
                0x080064ee                __retarget_lock_release_recursive
 .text._free_r  0x080064f0       0x90 /home/ubuntu22/.local/share/stm32cube/bundles/gnu-tools-for-stm32/14.3.1+st.2/bin/../lib/gcc/arm-none-eabi/14.3.1/../../../../arm-none-eabi/lib/thumb/v7-m/nofp/libg_nano.a(libc_a-freer.o)
                0x080064f0                _free_r
 .text.sbrk_aligned
                0x08006580       0x44 /home/ubuntu22/.local/share/stm32cube/bundles/gnu-tools-for-stm32/14.3.1+st.2/bin/../lib/gcc/arm-none-eabi/14.3.1/../../../../arm-none-eabi/lib/thumb/v7-m/nofp/libg_nano.a(libc_a-mallocr.o)
 .text._malloc_r
                0x080065c4      0x100 /home/ubuntu22/.local/share/stm32cube/bundles/gnu-tools-for-stm32/14.3.1+st.2/bin/../lib/gcc/arm-none-eabi/14.3.1/../../../../arm-none-eabi/lib/thumb/v7-m/nofp/libg_nano.a(libc_a-mallocr.o)
                0x080065c4                _malloc_r
 .text.__malloc_lock
                0x080066c4        0xc /home/ubuntu22/.local/share/stm32cube/bundles/gnu-tools-for-stm32/14.3.1+st.2/bin/../lib/gcc/arm-none-eabi/14.3.1/../../../../arm-none-eabi/lib/thumb/v7-m/nofp/libg_nano.a(libc_a-mlock.o)
                0x080066c4                __malloc_lock
 .text.__malloc_unlock
                0x080066d0        0xc /home/ubuntu22/.local/share/stm32cube/bundles/gnu-tools-for-stm32/14.3.1+st.2/bin/../lib/gcc/arm-none-eabi/14.3.1/../../../../arm-none-eabi/lib/thumb/v7-m/nofp/libg_nano.a(libc_a-mlock.o)
                0x080066d0                __malloc_unlock
 .text._sbrk_r  0x080066dc       0x20 /home/ubuntu22/.local/share/stm32cube/bundles/gnu-tools-for-stm32/14.3.1+st.2/bin/../lib/gcc/arm-none-eabi/14.3.1/../../../../arm-none-eabi/lib/thumb/v7-m/nofp/libg_nano.a(libc_a-sbrkr.o)
                0x080066dc                _sbrk_r
 .text.snprintf
                0x080066fc       0x6c /home/ubuntu22/.local/share/stm32cube/bundles/gnu-tools-for-stm32/14.3.1+st.2/bin/../lib/gcc/arm-none-eabi/14.3.1/../../../../arm-none-eabi/lib/thumb/v7-m/nofp/libg_nano.a(libc_a-snprintf.o)
                0x080066fc                snprintf
                0x080066fc                sniprintf
 .text.memmove  0x08006768       0x32 /home/ubuntu22/.local/share/stm32cube/bundles/gnu-tools-for-stm32/14.3.1+st.2/bin/../lib/gcc/arm-none-eabi/14.3.1/../../../../arm-none-eabi/lib/thumb/v7-m/nofp/libg_nano.a(libc_a-memmove.o)
                0x08006768                memmove
 .text.strchr   0x0800679a       0x1a /home/ubuntu22/.local/share/stm32cube/bundles/gnu-tools-for-stm32/14.3.1+st.2/bin/../lib/gcc/arm-none-eabi/14.3.1/../../../../arm-none-eabi/lib/thumb/v7-m/nofp/libg_nano.a(libc_a-strchr.o)
                0x0800679a                strchr
 .text.strncmp  0x080067b4       0x24 /home/ubuntu22/.local/share/stm32cube/bundles/gnu-tools-for-stm32/14.3.1+st.2/bin/../lib/gcc/arm-none-eabi/14.3.1/../../../../arm-none-eabi/lib/thumb/v7-m/nofp/libg_nano.a(libc_a-strncmp.o)
                0x080067b4                strncmp
 .text.strncpy  0x080067d8       0x26 /home/ubuntu22/.local/share/stm32cube/bundles/gnu-tools-for-stm32/14.3.1+st.2/bin/../lib/gcc/arm-none-eabi/14.3.1/../../../../arm-none-eabi/lib/thumb/v7-m/nofp/libg_nano.a(libc_a-strncpy.o)
                0x080067d8                strncpy
 .text.strstr   0x080067fe       0x2c /home/ubuntu22/.local/share/stm32cube/bundles/gnu-tools-for-stm32/14.3.1+st.2/bin/../lib/gcc/arm-none-eabi/14.3.1/../../../../arm-none-eabi/lib/thumb/v7-m/nofp/libg_nano.a(libc_a-strstr.o)
                0x080067fe                strstr
 .text.strcpy   0x0800682a       0x10 /home/ubuntu22/.local/share/stm32cube/bundles/gnu-tools-for-stm32/14.3.1+st.2/bin/../lib/gcc/arm-none-eabi/14.3.1/../../../../arm-none-eabi/lib/thumb/v7-m/nofp/libg_nano.a(libc_a-strcpy.o)
                0x0800682a                strcpy
 .text.memcpy   0x0800683a       0x1c /home/ubuntu22/.local/share/stm32cube/bundles/gnu-tools-for-stm32/14.3.1+st.2/bin/../lib/gcc/arm-none-eabi/14.3.1/../../../../arm-none-eabi/lib/thumb/v7-m/nofp/libg_nano.a(libc_a-memcpy-stub.o)
                0x0800683a                memcpy
 .text.__ssputs_r
                0x08006856       0xc0 /home/ubuntu22/.local/share/stm32cube/bundles/gnu-tools-for-stm32/14.3.1+st.2/bin/../lib/gcc/arm-none-eabi/14.3.1/../../../../arm-none-eabi/lib/thumb/v7-m/nofp/libg_nano.a(libc_a-nano-svfprintf.o)
                0x08006856                __ssputs_r
 *fill*         0x08006916        0x2 
 .text._svfprintf_r
                0x08006918      0x1f0 /home/ubuntu22/.local/share/stm32cube/bundles/gnu-tools-for-stm32/14.3.1+st.2/bin/../lib/gcc/arm-none-eabi/14.3.1/../../../../arm-none-eabi/lib/thumb/v7-m/nofp/libg_nano.a(libc_a-nano-svfprintf.o)
                0x08006918                _svfprintf_r
                0x08006918                _svfiprintf_r
 .text._printf_common
                0x08006b08       0xe4 /home/ubuntu22/.local/share/stm32cube/bundles/gnu-tools-for-stm32/14.3.1+st.2/bin/../lib/gcc/arm-none-eabi/14.3.1/../../../../arm-none-eabi/lib/thumb/v7-m/nofp/libg_nano.a(libc_a-nano-vfprintf_i.o)
                0x08006b08                _printf_common
 .text._printf_i
                0x08006bec      0x24c /home/ubuntu22/.local/share/stm32cube/bundles/gnu-tools-for-stm32/14.3.1+st.2/bin/../lib/gcc/arm-none-eabi/14.3.1/../../../../arm-none-eabi/lib/thumb/v7-m/nofp/libg_nano.a(libc_a-nano-vfprintf_i.o)
                0x08006bec                _printf_i
 .text.memchr   0x08006e38       0x1c /home/ubuntu22/.local/share/stm32cube/bundles/gnu-tools-for-stm32/14.3.1+st.2/bin/../lib/gcc/arm-none-eabi/14.3.1/../../../../arm-none-eabi/lib/thumb/v7-m/nofp/libg_nano.a(libc_a-memchr-stub.o)
                0x08006e38                memchr
 .text._realloc_r
                0x08006e54       0x5c /home/ubuntu22/.local/share/stm32cube/bundles/gnu-tools-for-stm32/14.3.1+st.2/bin/../lib/gcc/arm-none-eabi/14.3.1/../../../../arm-none-eabi/lib/thumb/v7-m/nofp/libg_nano.a(libc_a-reallocr.o)
                0x08006e54                _realloc_r
 .text._malloc_usable_size_r
                0x08006eb0       0x10 /home/ubuntu22/.local/share/stm32cube/bundles/gnu-tools-for-stm32/14.3.1+st.2/bin/../lib/gcc/arm-none-eabi/14.3.1/../../../../arm-none-eabi/lib/thumb/v7-m/nofp/libg_nano.a(libc_a-msizer.o)
                0x08006eb0                _malloc_usable_size_r
 *(.glue_7)
 .glue_7        0x08006ec0        0x0 linker stubs
 *(.glue_7t)
 .glue_7t       0x08006ec0        0x0 linker stubs
 *(.eh_frame)
 .eh_frame      0x08006ec0        0x0 /home/ubuntu22/.local/share/stm32cube/bundles/gnu-tools-for-stm32/14.3.1+st.2/bin/../lib/gcc/arm-none-eabi/14.3.1/thumb/v7-m/nofp/crtbegin.o
 *(.init)
 .init          0x08006ec0        0x4 /home/ubuntu22/.local/share/stm32cube/bundles/gnu-tools-for-stm32/14.3.1+st.2/bin/../lib/gcc/arm-none-eabi/14.3.1/thumb/v7-m/nofp/crti.o
                0x08006ec0                _init
 .init          0x08006ec4        0x8 /home/ubuntu22/.local/share/stm32cube/bundles/gnu-tools-for-stm32/14.3.1+st.2/bin/../lib/gcc/arm-none-eabi/14.3.1/thumb/v7-m/nofp/crtn.o
 *(.fini)
 .fini          0x08006ecc        0x4 /home/ubuntu22/.local/share/stm32cube/bundles/gnu-tools-for-stm32/14.3.1+st.2/bin/../lib/gcc/arm-none-eabi/14.3.1/thumb/v7-m/nofp/crti.o
                0x08006ecc                _fini
 .fini          0x08006ed0        0x8 /home/ubuntu22/.local/share/stm32cube/bundles/gnu-tools-for-stm32/14.3.1+st.2/bin/../lib/gcc/arm-none-eabi/14.3.1/thumb/v7-m/nofp/crtn.o
                0x08006ed8                        . = ALIGN (0x4)
                0x08006ed8                        _etext = .

.vfp11_veneer   0x08006ed8        0x0
 .vfp11_veneer  0x08006ed8        0x0 linker stubs

.v4_bx          0x08006ed8        0x0
 .v4_bx         0x08006ed8        0x0 linker stubs

.iplt           0x08006ed8        0x0
 .iplt          0x08006ed8        0x0 /home/ubuntu22/.local/share/stm32cube/bundles/gnu-tools-for-stm32/14.3.1+st.2/bin/../lib/gcc/arm-none-eabi/14.3.1/thumb/v7-m/nofp/crtbegin.o

.rodata         0x08006ed8      0xa5c
                0x08006ed8                        . = ALIGN (0x4)
 *(.rodata)
 *(.rodata*)
 .rodata.IR_LogTxFrame.constprop.0.str1.1
                0x08006ed8      0x8e3 /tmp/ccnKde5i.ltrans0.ltrans.o
                                 0x2f (size before relaxing)
 .rodata.RADAR_Process.str1.1
                0x080077bb       0x1a /tmp/ccnKde5i.ltrans0.ltrans.o
 .rodata.LORA_SendFormattedData.part.0.str1.1
                0x080077bb        0x3 /tmp/ccnKde5i.ltrans0.ltrans.o
 .rodata.Send_Config_Request.str1.1
                0x080077bb        0xa /tmp/ccnKde5i.ltrans0.ltrans.o
 .rodata.StateSender_SendFast.str1.1
                0x080077bb       0x26 /tmp/ccnKde5i.ltrans0.ltrans.o
 .rodata.IR_SendPacket.str1.1
                0x080077bb       0x63 /tmp/ccnKde5i.ltrans0.ltrans.o
 .rodata.IR_ProcessPendingUartRecover.str1.1
                0x080077bb       0x3d /tmp/ccnKde5i.ltrans0.ltrans.o
 .rodata.IR_UART_ErrorCallback.part.0.str1.1
                0x080077bb       0x7c /tmp/ccnKde5i.ltrans0.ltrans.o
 .rodata.IR_Process.str1.1
                0x080077bb       0xed /tmp/ccnKde5i.ltrans0.ltrans.o
 .rodata.LORA_Init.constprop.0.str1.1
                0x080077bb       0xb4 /tmp/ccnKde5i.ltrans0.ltrans.o
 .rodata.main.str1.1
                0x080077bb      0x596 /tmp/ccnKde5i.ltrans0.ltrans.o
 .rodata.hex_lut.4
                0x080077bb       0x11 /tmp/ccnKde5i.ltrans0.ltrans.o
 .rodata.CSWTCH.22
                0x080077cc       0x10 /tmp/ccnKde5i.ltrans0.ltrans.o
 .rodata.CSWTCH.24
                0x080077dc       0x1a /tmp/ccnKde5i.ltrans0.ltrans.o
 .rodata.APBPrescTable
                0x080077f6        0x8 cmake/stm32cubemx/CMakeFiles/STM32_Drivers.dir/__/__/Core/Src/system_stm32f1xx.c.obj
                0x080077f6                APBPrescTable
 .rodata.AHBPrescTable
                0x080077fe       0x10 cmake/stm32cubemx/CMakeFiles/STM32_Drivers.dir/__/__/Core/Src/system_stm32f1xx.c.obj
                0x080077fe                AHBPrescTable
 .rodata.aPredivFactorTable.0
                0x0800780e        0x2 cmake/stm32cubemx/CMakeFiles/STM32_Drivers.dir/__/__/Drivers/STM32F1xx_HAL_Driver/Src/stm32f1xx_hal_rcc.c.obj
 .rodata.aPLLMULFactorTable.1
                0x08007810       0x10 cmake/stm32cubemx/CMakeFiles/STM32_Drivers.dir/__/__/Drivers/STM32F1xx_HAL_Driver/Src/stm32f1xx_hal_rcc.c.obj
 .rodata.aPredivFactorTable.0
                0x08007820        0x2 cmake/stm32cubemx/CMakeFiles/STM32_Drivers.dir/__/__/Drivers/STM32F1xx_HAL_Driver/Src/stm32f1xx_hal_rcc_ex.c.obj
 .rodata.aPLLMULFactorTable.1
                0x08007822       0x10 cmake/stm32cubemx/CMakeFiles/STM32_Drivers.dir/__/__/Drivers/STM32F1xx_HAL_Driver/Src/stm32f1xx_hal_rcc_ex.c.obj
 .rodata._ctype_
                0x08007832      0x101 /home/ubuntu22/.local/share/stm32cube/bundles/gnu-tools-for-stm32/14.3.1+st.2/bin/../lib/gcc/arm-none-eabi/14.3.1/../../../../arm-none-eabi/lib/thumb/v7-m/nofp/libg_nano.a(libc_a-ctype_.o)
                0x08007832                _ctype_
 .rodata._svfprintf_r.str1.1
                0x08007933       0x11 /home/ubuntu22/.local/share/stm32cube/bundles/gnu-tools-for-stm32/14.3.1+st.2/bin/../lib/gcc/arm-none-eabi/14.3.1/../../../../arm-none-eabi/lib/thumb/v7-m/nofp/libg_nano.a(libc_a-nano-svfprintf.o)
 .rodata._printf_i.str1.1
                0x08007933       0x22 /home/ubuntu22/.local/share/stm32cube/bundles/gnu-tools-for-stm32/14.3.1+st.2/bin/../lib/gcc/arm-none-eabi/14.3.1/../../../../arm-none-eabi/lib/thumb/v7-m/nofp/libg_nano.a(libc_a-nano-vfprintf_i.o)
                0x08007d54                        . = ALIGN (0x4)
 *fill*         0x08007933        0x1 

.ARM.extab      0x08007934        0x0
                0x08007934                        . = ALIGN (0x4)
 *(.ARM.extab* .gnu.linkonce.armextab.*)
                0x08007934                        . = ALIGN (0x4)

.ARM            0x08007934        0x8
                0x08007934                        . = ALIGN (0x4)
                0x08007934                        __exidx_start = .
 *(.ARM.exidx*)
 .ARM.exidx     0x08007934        0x8 /home/ubuntu22/.local/share/stm32cube/bundles/gnu-tools-for-stm32/14.3.1+st.2/bin/../lib/gcc/arm-none-eabi/14.3.1/../../../../arm-none-eabi/lib/thumb/v7-m/nofp/libg_nano.a(libc_a-strcmp.o)
 .ARM.exidx     0x0800793c        0x0 /home/ubuntu22/.local/share/stm32cube/bundles/gnu-tools-for-stm32/14.3.1+st.2/bin/../lib/gcc/arm-none-eabi/14.3.1/../../../../arm-none-eabi/lib/thumb/v7-m/nofp/libg_nano.a(libc_a-strlen.o)
                                  0x8 (size before relaxing)
                0x0800793c                        __exidx_end = .
                0x0800793c                        . = ALIGN (0x4)

.preinit_array  0x0800793c        0x0
                0x0800793c                        . = ALIGN (0x4)
                0x0800793c                        PROVIDE (__preinit_array_start = .)
 *(.preinit_array*)
                0x0800793c                        PROVIDE (__preinit_array_end = .)
                0x0800793c                        . = ALIGN (0x4)

.init_array     0x0800793c        0x4
                0x0800793c                        . = ALIGN (0x4)
                0x0800793c                        PROVIDE (__init_array_start = .)
 *(SORT_BY_NAME(.init_array.*))
 *(.init_array*)
 .init_array    0x0800793c        0x4 /home/ubuntu22/.local/share/stm32cube/bundles/gnu-tools-for-stm32/14.3.1+st.2/bin/../lib/gcc/arm-none-eabi/14.3.1/thumb/v7-m/nofp/crtbegin.o
                0x08007940                        PROVIDE (__init_array_end = .)
                0x08007940                        . = ALIGN (0x4)

.fini_array     0x08007940        0x4
                0x08007940                        . = ALIGN (0x4)
                [!provide]                        PROVIDE (__fini_array_start = .)
 *(SORT_BY_NAME(.fini_array.*))
 *(.fini_array*)
 .fini_array    0x08007940        0x4 /home/ubuntu22/.local/share/stm32cube/bundles/gnu-tools-for-stm32/14.3.1+st.2/bin/../lib/gcc/arm-none-eabi/14.3.1/thumb/v7-m/nofp/crtbegin.o
                [!provide]                        PROVIDE (__fini_array_end = .)
                0x08007944                        . = ALIGN (0x4)
                0x08007944                        _sidata = LOADADDR (.data)

.rel.dyn        0x08007944        0x0
 .rel.iplt      0x08007944        0x0 /home/ubuntu22/.local/share/stm32cube/bundles/gnu-tools-for-stm32/14.3.1+st.2/bin/../lib/gcc/arm-none-eabi/14.3.1/thumb/v7-m/nofp/crtbegin.o

.data           0x20000000       0x68 load address 0x08007944
                0x20000000                        . = ALIGN (0x4)
                0x20000000                        _sdata = .
 *(.data)
 *(.data*)
 .data.g_pwm_dir
                0x20000000        0x1 /tmp/ccnKde5i.ltrans0.ltrans.o
 *fill*         0x20000001        0x1 
 .data.g_current_itime
                0x20000002        0x2 /tmp/ccnKde5i.ltrans0.ltrans.o
 .data.last_radar_has_person.5
                0x20000004        0x1 /tmp/ccnKde5i.ltrans0.ltrans.o
 .data.last_ir_learning.8
                0x20000005        0x1 /tmp/ccnKde5i.ltrans0.ltrans.o
 *fill*         0x20000006        0x2 
 .data.g_config_retry_interval_ms
                0x20000008        0x4 /tmp/ccnKde5i.ltrans0.ltrans.o
 .data.SystemCoreClock
                0x2000000c        0x4 cmake/stm32cubemx/CMakeFiles/STM32_Drivers.dir/__/__/Core/Src/system_stm32f1xx.c.obj
                0x2000000c                SystemCoreClock
 .data.uwTickFreq
                0x20000010        0x1 cmake/stm32cubemx/CMakeFiles/STM32_Drivers.dir/__/__/Drivers/STM32F1xx_HAL_Driver/Src/stm32f1xx_hal.c.obj
                0x20000010                uwTickFreq
 *fill*         0x20000011        0x3 
 .data.uwTickPrio
                0x20000014        0x4 cmake/stm32cubemx/CMakeFiles/STM32_Drivers.dir/__/__/Drivers/STM32F1xx_HAL_Driver/Src/stm32f1xx_hal.c.obj
                0x20000014                uwTickPrio
 .data._impure_ptr
                0x20000018        0x4 /home/ubuntu22/.local/share/stm32cube/bundles/gnu-tools-for-stm32/14.3.1+st.2/bin/../lib/gcc/arm-none-eabi/14.3.1/../../../../arm-none-eabi/lib/thumb/v7-m/nofp/libg_nano.a(libc_a-impure.o)
                0x20000018                _impure_ptr
 .data._impure_data
                0x2000001c       0x4c /home/ubuntu22/.local/share/stm32cube/bundles/gnu-tools-for-stm32/14.3.1+st.2/bin/../lib/gcc/arm-none-eabi/14.3.1/../../../../arm-none-eabi/lib/thumb/v7-m/nofp/libg_nano.a(libc_a-impure.o)
                0x2000001c                _impure_data
 *(.RamFunc)
 *(.RamFunc*)
                0x20000068                        . = ALIGN (0x4)

.igot.plt       0x20000068        0x0 load address 0x080079ac
 .igot.plt      0x20000068        0x0 /home/ubuntu22/.local/share/stm32cube/bundles/gnu-tools-for-stm32/14.3.1+st.2/bin/../lib/gcc/arm-none-eabi/14.3.1/thumb/v7-m/nofp/crtbegin.o

.tdata          0x20000068        0x0 load address 0x080079ac
 *(.tdata .tdata.* .gnu.linkonce.td.*)
                0x20000068                        . = ALIGN (0x4)
                0x20000068                        _edata = .
                [!provide]                        PROVIDE (__data_end = .)
                [!provide]                        PROVIDE (__tdata_end = .)
                [!provide]                        PROVIDE (__tdata_start = ADDR (.tdata))
                [!provide]                        PROVIDE (__tdata_size = (__tdata_end - __tdata_start))
                [!provide]                        PROVIDE (__data_start = ADDR (.data))
                [!provide]                        PROVIDE (__data_size = (__data_end - __data_start))
                [!provide]                        PROVIDE (__tdata_source = LOADADDR (.tdata))
                [!provide]                        PROVIDE (__tdata_source_end = (LOADADDR (.tdata) + SIZEOF (.tdata)))
                [!provide]                        PROVIDE (__tdata_source_size = (__tdata_source_end - __tdata_source))
                [!provide]                        PROVIDE (__data_source = LOADADDR (.data))
                [!provide]                        PROVIDE (__data_source_end = __tdata_source_end)
                [!provide]                        PROVIDE (__data_source_size = (__data_source_end - __data_source))

.tbss           0x20000068        0x0 load address 0x080079ac
                0x20000068                        _sbss = .
                0x20000068                        __bss_start__ = _sbss
 *(.tbss .tbss.*)
                0x20000068                        . = ALIGN (0x4)
                [!provide]                        PROVIDE (__tbss_end = .)
                [!provide]                        PROVIDE (__tbss_start = ADDR (.tbss))
                [!provide]                        PROVIDE (__tbss_size = (__tbss_end - __tbss_start))
                [!provide]                        PROVIDE (__tbss_offset = (ADDR (.tbss) - ADDR (.tdata)))
                [!provide]                        PROVIDE (__tls_base = __tdata_start)
                [!provide]                        PROVIDE (__tls_end = __tbss_end)
                [!provide]                        PROVIDE (__tls_size = (__tls_end - __tls_base))
                [!provide]                        PROVIDE (__tls_align = MAX (ALIGNOF (.tdata), ALIGNOF (.tbss)))
                [!provide]                        PROVIDE (__tls_size_align = (((__tls_size + __tls_align) - 0x1) & ~ ((__tls_align - 0x1))))
                [!provide]                        PROVIDE (__arm32_tls_tcb_offset = MAX (0x8, __tls_align))
                [!provide]                        PROVIDE (__arm64_tls_tcb_offset = MAX (0x10, __tls_align))

.bss            0x20000068     0x3900 load address 0x080079ac
 *(.bss)
 .bss           0x20000068       0x1c /home/ubuntu22/.local/share/stm32cube/bundles/gnu-tools-for-stm32/14.3.1+st.2/bin/../lib/gcc/arm-none-eabi/14.3.1/thumb/v7-m/nofp/crtbegin.o
 *(.bss*)
 .bss.g_last_breath_tick
                0x20000084        0x4 /tmp/ccnKde5i.ltrans0.ltrans.o
 .bss.g_pwm_duty
                0x20000088        0x1 /tmp/ccnKde5i.ltrans0.ltrans.o
 .bss.s_rx_stream
                0x20000089      0x400 /tmp/ccnKde5i.ltrans0.ltrans.o
 .bss.s_resp_snapshot
                0x20000489      0x400 /tmp/ccnKde5i.ltrans0.ltrans.o
 *fill*         0x20000889        0x3 
 .bss.__sbrk_heap_end
                0x2000088c        0x4 /tmp/ccnKde5i.ltrans0.ltrans.o
 .bss.hdma_usart3_rx
                0x20000890       0x44 /tmp/ccnKde5i.ltrans0.ltrans.o
 .bss.hdma_usart1_rx
                0x200008d4       0x44 /tmp/ccnKde5i.ltrans0.ltrans.o
 .bss.err_count.0
                0x20000918        0x4 /tmp/ccnKde5i.ltrans0.ltrans.o
 .bss.last_err_log_time.1
                0x2000091c        0x4 /tmp/ccnKde5i.ltrans0.ltrans.o
 .bss.g_cap     0x20000920       0x18 /tmp/ccnKde5i.ltrans0.ltrans.o
 .bss.s_uart_recover_pending_due_tick
                0x20000938        0x4 /tmp/ccnKde5i.ltrans0.ltrans.o
 .bss.s_uart_recover_pending_hard
                0x2000093c        0x1 /tmp/ccnKde5i.ltrans0.ltrans.o
 .bss.s_uart_recover_pending
                0x2000093d        0x1 /tmp/ccnKde5i.ltrans0.ltrans.o
 .bss.s_uart_noise_window_count
                0x2000093e        0x2 /tmp/ccnKde5i.ltrans0.ltrans.o
 .bss.s_uart_noise_window_start_tick
                0x20000940        0x4 /tmp/ccnKde5i.ltrans0.ltrans.o
 .bss.s_uart_err_last_log_tick
                0x20000944        0x4 /tmp/ccnKde5i.ltrans0.ltrans.o
 .bss.s_uart_err_count
                0x20000948        0x4 /tmp/ccnKde5i.ltrans0.ltrans.o
 .bss.s_uart_noise_err_count
                0x2000094c        0x4 /tmp/ccnKde5i.ltrans0.ltrans.o
 .bss.sound_sensor_initialized
                0x20000950        0x1 /tmp/ccnKde5i.ltrans0.ltrans.o
 *fill*         0x20000951        0x3 
 .bss.hadc1_sound
                0x20000954       0x30 /tmp/ccnKde5i.ltrans0.ltrans.o
 .bss.huart3    0x20000984       0x48 /tmp/ccnKde5i.ltrans0.ltrans.o
 .bss.g_pwm_hw_inited
                0x200009cc        0x1 /tmp/ccnKde5i.ltrans0.ltrans.o
 .bss.g_led_breathing_enabled
                0x200009cd        0x1 /tmp/ccnKde5i.ltrans0.ltrans.o
 .bss.g_system_initialized
                0x200009ce        0x1 /tmp/ccnKde5i.ltrans0.ltrans.o
 *fill*         0x200009cf        0x1 
 .bss.g_ir_chunk_msg_counter
                0x200009d0        0x4 /tmp/ccnKde5i.ltrans0.ltrans.o
 .bss.payload.2
                0x200009d4       0xe2 /tmp/ccnKde5i.ltrans0.ltrans.o
 .bss.hex_all.3
                0x20000ab6      0x801 /tmp/ccnKde5i.ltrans0.ltrans.o
 *fill*         0x200012b7        0x1 
 .bss.s_learn_enter_tick
                0x200012b8        0x4 /tmp/ccnKde5i.ltrans0.ltrans.o
 .bss.s_uart_last_recover_tick
                0x200012bc        0x4 /tmp/ccnKde5i.ltrans0.ltrans.o
 .bss.s_rx_stream_len
                0x200012c0        0x2 /tmp/ccnKde5i.ltrans0.ltrans.o
 *fill*         0x200012c2        0x2 
 .bss.huart1    0x200012c4       0x48 /tmp/ccnKde5i.ltrans0.ltrans.o
 .bss.code_buf.0
                0x2000130c      0x320 /tmp/ccnKde5i.ltrans0.ltrans.o
 .bss.g_current_gain
                0x2000162c        0x2 /tmp/ccnKde5i.ltrans0.ltrans.o
 *fill*         0x2000162e        0x2 
 .bss.g_sound_acc
                0x20001630       0x14 /tmp/ccnKde5i.ltrans0.ltrans.o
 .bss.g_co2_sm  0x20001644       0x10 /tmp/ccnKde5i.ltrans0.ltrans.o
 .bss.g_device_code.lto_priv.0
                0x20001654        0x9 /tmp/ccnKde5i.ltrans0.ltrans.o
 *fill*         0x2000165d        0x1 
 .bss.g_co2_last_valid_ppm
                0x2000165e        0x2 /tmp/ccnKde5i.ltrans0.ltrans.o
 .bss.Radar     0x20001660      0x738 /tmp/ccnKde5i.ltrans0.ltrans.o
 .bss.g_light_zero_streak
                0x20001d98        0x1 /tmp/ccnKde5i.ltrans0.ltrans.o
 *fill*         0x20001d99        0x3 
 .bss.g_last_downlink_time
                0x20001d9c        0x4 /tmp/ccnKde5i.ltrans0.ltrans.o
 .bss.g_deferred_action
                0x20001da0       0x18 /tmp/ccnKde5i.ltrans0.ltrans.o
 .bss.last_sensor_output_time.6
                0x20001db8        0x4 /tmp/ccnKde5i.ltrans0.ltrans.o
 .bss.ir_frame.7
                0x20001dbc      0x400 /tmp/ccnKde5i.ltrans0.ltrans.o
 .bss.IR_Learner
                0x200021bc      0xc34 /tmp/ccnKde5i.ltrans0.ltrans.o
 .bss.lora_status
                0x20002df0      0x10c /tmp/ccnKde5i.ltrans0.ltrans.o
 .bss.g_last_uplink_time
                0x20002efc        0x4 /tmp/ccnKde5i.ltrans0.ltrans.o
 .bss.g_getdata_miss_count
                0x20002f00        0x1 /tmp/ccnKde5i.ltrans0.ltrans.o
 .bss.g_waiting_getdata_ack
                0x20002f01        0x1 /tmp/ccnKde5i.ltrans0.ltrans.o
 .bss.lora_rx_byte
                0x20002f02        0x1 /tmp/ccnKde5i.ltrans0.ltrans.o
 *fill*         0x20002f03        0x1 
 .bss.huart2    0x20002f04       0x48 /tmp/ccnKde5i.ltrans0.ltrans.o
 .bss.g_config_request_count
                0x20002f4c        0x1 /tmp/ccnKde5i.ltrans0.ltrans.o
 *fill*         0x20002f4d        0x3 
 .bss.g_config_retry_jitter_ms
                0x20002f50        0x4 /tmp/ccnKde5i.ltrans0.ltrans.o
 .bss.g_last_config_request_time
                0x20002f54        0x4 /tmp/ccnKde5i.ltrans0.ltrans.o
 .bss.g_device_code
                0x20002f58        0x9 /tmp/ccnKde5i.ltrans0.ltrans.o
 *fill*         0x20002f61        0x1 
 .bss.g_irbind_ctx
                0x20002f62      0x87e /tmp/ccnKde5i.ltrans0.ltrans.o
 .bss.g_irbind_pause_active
                0x200037e0        0x1 /tmp/ccnKde5i.ltrans0.ltrans.o
 *fill*         0x200037e1        0x3 
 .bss.g_state_sender
                0x200037e4       0x10 /tmp/ccnKde5i.ltrans0.ltrans.o
 .bss.g_lora_configured
                0x200037f4        0x1 /tmp/ccnKde5i.ltrans0.ltrans.o
 *fill*         0x200037f5        0x3 
 .bss.uwTick    0x200037f8        0x4 cmake/stm32cubemx/CMakeFiles/STM32_Drivers.dir/__/__/Drivers/STM32F1xx_HAL_Driver/Src/stm32f1xx_hal.c.obj
                0x200037f8                uwTick
 *fill*         0x200037fc        0x4 
 .bss.pFlash    0x20003800       0x20 cmake/stm32cubemx/CMakeFiles/STM32_Drivers.dir/__/__/Drivers/STM32F1xx_HAL_Driver/Src/stm32f1xx_hal_flash.c.obj
                0x20003800                pFlash
 .bss.__sf      0x20003820      0x138 /home/ubuntu22/.local/share/stm32cube/bundles/gnu-tools-for-stm32/14.3.1+st.2/bin/../lib/gcc/arm-none-eabi/14.3.1/../../../../arm-none-eabi/lib/thumb/v7-m/nofp/libg_nano.a(libc_a-findfp.o)
                0x20003820                __sf
 .bss.errno     0x20003958        0x4 /home/ubuntu22/.local/share/stm32cube/bundles/gnu-tools-for-stm32/14.3.1+st.2/bin/../lib/gcc/arm-none-eabi/14.3.1/../../../../arm-none-eabi/lib/thumb/v7-m/nofp/libg_nano.a(libc_a-reent.o)
                0x20003958                errno
 .bss.__lock___malloc_recursive_mutex
                0x2000395c        0x1 /home/ubuntu22/.local/share/stm32cube/bundles/gnu-tools-for-stm32/14.3.1+st.2/bin/../lib/gcc/arm-none-eabi/14.3.1/../../../../arm-none-eabi/lib/thumb/v7-m/nofp/libg_nano.a(libc_a-lock.o)
                0x2000395c                __lock___malloc_recursive_mutex
 *fill*         0x2000395d        0x3 
 .bss.__malloc_sbrk_start
                0x20003960        0x4 /home/ubuntu22/.local/share/stm32cube/bundles/gnu-tools-for-stm32/14.3.1+st.2/bin/../lib/gcc/arm-none-eabi/14.3.1/../../../../arm-none-eabi/lib/thumb/v7-m/nofp/libg_nano.a(libc_a-mallocr.o)
                0x20003960                __malloc_sbrk_start
 .bss.__malloc_free_list
                0x20003964        0x4 /home/ubuntu22/.local/share/stm32cube/bundles/gnu-tools-for-stm32/14.3.1+st.2/bin/../lib/gcc/arm-none-eabi/14.3.1/../../../../arm-none-eabi/lib/thumb/v7-m/nofp/libg_nano.a(libc_a-mallocr.o)
                0x20003964                __malloc_free_list
 *(COMMON)
                0x20003968                        . = ALIGN (0x4)
                0x20003968                        _ebss = .
                0x20003968                        __bss_end__ = _ebss
                [!provide]                        PROVIDE (__bss_end = .)
                [!provide]                        PROVIDE (__non_tls_bss_start = ADDR (.bss))
                [!provide]                        PROVIDE (__bss_start = __tbss_start)
                [!provide]                        PROVIDE (__bss_size = (__bss_end - __bss_start))

._user_heap_stack
                0x20003968     0x1200 load address 0x080079ac
                0x20003968                        . = ALIGN (0x8)
                [!provide]                        PROVIDE (end = .)
                0x20003968                        PROVIDE (_end = .)
                0x20003b68                        . = (. + _Min_Heap_Size)
 *fill*         0x20003968      0x200 
                0x20004b68                        . = (. + _Min_Stack_Size)
 *fill*         0x20003b68     0x1000 
                0x20004b68                        . = ALIGN (0x8)

/DISCARD/
 libc.a:*(*)
 libm.a:*(*)
 libgcc.a:*(*)
OUTPUT(LED.elf elf32-littlearm)
LOAD linker stubs

.ARM.attributes
                0x00000000       0x29
 .ARM.attributes
                0x00000000       0x1d /home/ubuntu22/.local/share/stm32cube/bundles/gnu-tools-for-stm32/14.3.1+st.2/bin/../lib/gcc/arm-none-eabi/14.3.1/thumb/v7-m/nofp/crti.o
 .ARM.attributes
                0x0000001d       0x2d /home/ubuntu22/.local/share/stm32cube/bundles/gnu-tools-for-stm32/14.3.1+st.2/bin/../lib/gcc/arm-none-eabi/14.3.1/thumb/v7-m/nofp/crtbegin.o
 .ARM.attributes
                0x0000004a       0x2b /tmp/ccnKde5i.ltrans0.ltrans.o
 .ARM.attributes
                0x00000075       0x21 CMakeFiles/LED.dir/startup_stm32f103xb.s.obj
 .ARM.attributes
                0x00000096       0x2d cmake/stm32cubemx/CMakeFiles/STM32_Drivers.dir/__/__/Core/Src/system_stm32f1xx.c.obj
 .ARM.attributes
                0x000000c3       0x2d cmake/stm32cubemx/CMakeFiles/STM32_Drivers.dir/__/__/Drivers/STM32F1xx_HAL_Driver/Src/stm32f1xx_hal.c.obj
 .ARM.attributes
                0x000000f0       0x2d cmake/stm32cubemx/CMakeFiles/STM32_Drivers.dir/__/__/Drivers/STM32F1xx_HAL_Driver/Src/stm32f1xx_hal_rcc.c.obj
 .ARM.attributes
                0x0000011d       0x2d cmake/stm32cubemx/CMakeFiles/STM32_Drivers.dir/__/__/Drivers/STM32F1xx_HAL_Driver/Src/stm32f1xx_hal_rcc_ex.c.obj
 .ARM.attributes
                0x0000014a       0x2d cmake/stm32cubemx/CMakeFiles/STM32_Drivers.dir/__/__/Drivers/STM32F1xx_HAL_Driver/Src/stm32f1xx_hal_gpio.c.obj
 .ARM.attributes
                0x00000177       0x2d cmake/stm32cubemx/CMakeFiles/STM32_Drivers.dir/__/__/Drivers/STM32F1xx_HAL_Driver/Src/stm32f1xx_hal_dma.c.obj
 .ARM.attributes
                0x000001a4       0x2d cmake/stm32cubemx/CMakeFiles/STM32_Drivers.dir/__/__/Drivers/STM32F1xx_HAL_Driver/Src/stm32f1xx_hal_cortex.c.obj
 .ARM.attributes
                0x000001d1       0x2d cmake/stm32cubemx/CMakeFiles/STM32_Drivers.dir/__/__/Drivers/STM32F1xx_HAL_Driver/Src/stm32f1xx_hal_flash.c.obj
 .ARM.attributes
                0x000001fe       0x2d cmake/stm32cubemx/CMakeFiles/STM32_Drivers.dir/__/__/Drivers/STM32F1xx_HAL_Driver/Src/stm32f1xx_hal_flash_ex.c.obj
 .ARM.attributes
                0x0000022b       0x2d cmake/stm32cubemx/CMakeFiles/STM32_Drivers.dir/__/__/Drivers/STM32F1xx_HAL_Driver/Src/stm32f1xx_hal_adc.c.obj
 .ARM.attributes
                0x00000258       0x2d cmake/stm32cubemx/CMakeFiles/STM32_Drivers.dir/__/__/Drivers/STM32F1xx_HAL_Driver/Src/stm32f1xx_hal_adc_ex.c.obj
 .ARM.attributes
                0x00000285       0x2d cmake/stm32cubemx/CMakeFiles/STM32_Drivers.dir/__/__/Drivers/STM32F1xx_HAL_Driver/Src/stm32f1xx_hal_uart.c.obj
 .ARM.attributes
                0x000002b2       0x2d /home/ubuntu22/.local/share/stm32cube/bundles/gnu-tools-for-stm32/14.3.1+st.2/bin/../lib/gcc/arm-none-eabi/14.3.1/../../../../arm-none-eabi/lib/thumb/v7-m/nofp/libg_nano.a(libc_a-strtoul.o)
 .ARM.attributes
                0x000002df       0x2d /home/ubuntu22/.local/share/stm32cube/bundles/gnu-tools-for-stm32/14.3.1+st.2/bin/../lib/gcc/arm-none-eabi/14.3.1/../../../../arm-none-eabi/lib/thumb/v7-m/nofp/libg_nano.a(libc_a-ctype_.o)
 .ARM.attributes
                0x0000030c       0x2d /home/ubuntu22/.local/share/stm32cube/bundles/gnu-tools-for-stm32/14.3.1+st.2/bin/../lib/gcc/arm-none-eabi/14.3.1/../../../../arm-none-eabi/lib/thumb/v7-m/nofp/libg_nano.a(libc_a-findfp.o)
 .ARM.attributes
                0x00000339       0x2d /home/ubuntu22/.local/share/stm32cube/bundles/gnu-tools-for-stm32/14.3.1+st.2/bin/../lib/gcc/arm-none-eabi/14.3.1/../../../../arm-none-eabi/lib/thumb/v7-m/nofp/libg_nano.a(libc_a-memset.o)
 .ARM.attributes
                0x00000366       0x2d /home/ubuntu22/.local/share/stm32cube/bundles/gnu-tools-for-stm32/14.3.1+st.2/bin/../lib/gcc/arm-none-eabi/14.3.1/../../../../arm-none-eabi/lib/thumb/v7-m/nofp/libg_nano.a(libc_a-strtok_r.o)
 .ARM.attributes
                0x00000393       0x2d /home/ubuntu22/.local/share/stm32cube/bundles/gnu-tools-for-stm32/14.3.1+st.2/bin/../lib/gcc/arm-none-eabi/14.3.1/../../../../arm-none-eabi/lib/thumb/v7-m/nofp/libg_nano.a(libc_a-reent.o)
 .ARM.attributes
                0x000003c0       0x2d /home/ubuntu22/.local/share/stm32cube/bundles/gnu-tools-for-stm32/14.3.1+st.2/bin/../lib/gcc/arm-none-eabi/14.3.1/../../../../arm-none-eabi/lib/thumb/v7-m/nofp/libg_nano.a(libc_a-impure.o)
 .ARM.attributes
                0x000003ed       0x2d /home/ubuntu22/.local/share/stm32cube/bundles/gnu-tools-for-stm32/14.3.1+st.2/bin/../lib/gcc/arm-none-eabi/14.3.1/../../../../arm-none-eabi/lib/thumb/v7-m/nofp/libg_nano.a(libc_a-errno.o)
 .ARM.attributes
                0x0000041a       0x2d /home/ubuntu22/.local/share/stm32cube/bundles/gnu-tools-for-stm32/14.3.1+st.2/bin/../lib/gcc/arm-none-eabi/14.3.1/../../../../arm-none-eabi/lib/thumb/v7-m/nofp/libg_nano.a(libc_a-init.o)
 .ARM.attributes
                0x00000447       0x2d /home/ubuntu22/.local/share/stm32cube/bundles/gnu-tools-for-stm32/14.3.1+st.2/bin/../lib/gcc/arm-none-eabi/14.3.1/../../../../arm-none-eabi/lib/thumb/v7-m/nofp/libg_nano.a(libc_a-lock.o)
 .ARM.attributes
                0x00000474       0x2d /home/ubuntu22/.local/share/stm32cube/bundles/gnu-tools-for-stm32/14.3.1+st.2/bin/../lib/gcc/arm-none-eabi/14.3.1/../../../../arm-none-eabi/lib/thumb/v7-m/nofp/libg_nano.a(libc_a-freer.o)
 .ARM.attributes
                0x000004a1       0x2d /home/ubuntu22/.local/share/stm32cube/bundles/gnu-tools-for-stm32/14.3.1+st.2/bin/../lib/gcc/arm-none-eabi/14.3.1/../../../../arm-none-eabi/lib/thumb/v7-m/nofp/libg_nano.a(libc_a-mallocr.o)
 .ARM.attributes
                0x000004ce       0x2d /home/ubuntu22/.local/share/stm32cube/bundles/gnu-tools-for-stm32/14.3.1+st.2/bin/../lib/gcc/arm-none-eabi/14.3.1/../../../../arm-none-eabi/lib/thumb/v7-m/nofp/libg_nano.a(libc_a-mlock.o)
 .ARM.attributes
                0x000004fb       0x2d /home/ubuntu22/.local/share/stm32cube/bundles/gnu-tools-for-stm32/14.3.1+st.2/bin/../lib/gcc/arm-none-eabi/14.3.1/../../../../arm-none-eabi/lib/thumb/v7-m/nofp/libg_nano.a(libc_a-sbrkr.o)
 .ARM.attributes
                0x00000528       0x2d /home/ubuntu22/.local/share/stm32cube/bundles/gnu-tools-for-stm32/14.3.1+st.2/bin/../lib/gcc/arm-none-eabi/14.3.1/../../../../arm-none-eabi/lib/thumb/v7-m/nofp/libg_nano.a(libc_a-snprintf.o)
 .ARM.attributes
                0x00000555       0x2d /home/ubuntu22/.local/share/stm32cube/bundles/gnu-tools-for-stm32/14.3.1+st.2/bin/../lib/gcc/arm-none-eabi/14.3.1/../../../../arm-none-eabi/lib/thumb/v7-m/nofp/libg_nano.a(libc_a-memmove.o)
 .ARM.attributes
                0x00000582       0x2d /home/ubuntu22/.local/share/stm32cube/bundles/gnu-tools-for-stm32/14.3.1+st.2/bin/../lib/gcc/arm-none-eabi/14.3.1/../../../../arm-none-eabi/lib/thumb/v7-m/nofp/libg_nano.a(libc_a-strchr.o)
 .ARM.attributes
                0x000005af       0x2d /home/ubuntu22/.local/share/stm32cube/bundles/gnu-tools-for-stm32/14.3.1+st.2/bin/../lib/gcc/arm-none-eabi/14.3.1/../../../../arm-none-eabi/lib/thumb/v7-m/nofp/libg_nano.a(libc_a-strncmp.o)
 .ARM.attributes
                0x000005dc       0x2d /home/ubuntu22/.local/share/stm32cube/bundles/gnu-tools-for-stm32/14.3.1+st.2/bin/../lib/gcc/arm-none-eabi/14.3.1/../../../../arm-none-eabi/lib/thumb/v7-m/nofp/libg_nano.a(libc_a-strncpy.o)
 .ARM.attributes
                0x00000609       0x2d /home/ubuntu22/.local/share/stm32cube/bundles/gnu-tools-for-stm32/14.3.1+st.2/bin/../lib/gcc/arm-none-eabi/14.3.1/../../../../arm-none-eabi/lib/thumb/v7-m/nofp/libg_nano.a(libc_a-strstr.o)
 .ARM.attributes
                0x00000636       0x1b /home/ubuntu22/.local/share/stm32cube/bundles/gnu-tools-for-stm32/14.3.1+st.2/bin/../lib/gcc/arm-none-eabi/14.3.1/../../../../arm-none-eabi/lib/thumb/v7-m/nofp/libg_nano.a(libc_a-strcmp.o)
 .ARM.attributes
                0x00000651       0x2d /home/ubuntu22/.local/share/stm32cube/bundles/gnu-tools-for-stm32/14.3.1+st.2/bin/../lib/gcc/arm-none-eabi/14.3.1/../../../../arm-none-eabi/lib/thumb/v7-m/nofp/libg_nano.a(libc_a-strcpy.o)
 .ARM.attributes
                0x0000067e       0x2d /home/ubuntu22/.local/share/stm32cube/bundles/gnu-tools-for-stm32/14.3.1+st.2/bin/../lib/gcc/arm-none-eabi/14.3.1/../../../../arm-none-eabi/lib/thumb/v7-m/nofp/libg_nano.a(libc_a-memcpy-stub.o)
 .ARM.attributes
                0x000006ab       0x17 /home/ubuntu22/.local/share/stm32cube/bundles/gnu-tools-for-stm32/14.3.1+st.2/bin/../lib/gcc/arm-none-eabi/14.3.1/../../../../arm-none-eabi/lib/thumb/v7-m/nofp/libg_nano.a(libc_a-strlen.o)
 .ARM.attributes
                0x000006c2       0x2d /home/ubuntu22/.local/share/stm32cube/bundles/gnu-tools-for-stm32/14.3.1+st.2/bin/../lib/gcc/arm-none-eabi/14.3.1/../../../../arm-none-eabi/lib/thumb/v7-m/nofp/libg_nano.a(libc_a-nano-svfprintf.o)
 .ARM.attributes
                0x000006ef       0x2d /home/ubuntu22/.local/share/stm32cube/bundles/gnu-tools-for-stm32/14.3.1+st.2/bin/../lib/gcc/arm-none-eabi/14.3.1/../../../../arm-none-eabi/lib/thumb/v7-m/nofp/libg_nano.a(libc_a-nano-vfprintf_i.o)
 .ARM.attributes
                0x0000071c       0x2d /home/ubuntu22/.local/share/stm32cube/bundles/gnu-tools-for-stm32/14.3.1+st.2/bin/../lib/gcc/arm-none-eabi/14.3.1/../../../../arm-none-eabi/lib/thumb/v7-m/nofp/libg_nano.a(libc_a-memchr-stub.o)
 .ARM.attributes
                0x00000749       0x2d /home/ubuntu22/.local/share/stm32cube/bundles/gnu-tools-for-stm32/14.3.1+st.2/bin/../lib/gcc/arm-none-eabi/14.3.1/../../../../arm-none-eabi/lib/thumb/v7-m/nofp/libg_nano.a(libc_a-reallocr.o)
 .ARM.attributes
                0x00000776       0x2d /home/ubuntu22/.local/share/stm32cube/bundles/gnu-tools-for-stm32/14.3.1+st.2/bin/../lib/gcc/arm-none-eabi/14.3.1/../../../../arm-none-eabi/lib/thumb/v7-m/nofp/libg_nano.a(libc_a-msizer.o)
 .ARM.attributes
                0x000007a3       0x1d /home/ubuntu22/.local/share/stm32cube/bundles/gnu-tools-for-stm32/14.3.1+st.2/bin/../lib/gcc/arm-none-eabi/14.3.1/thumb/v7-m/nofp/libgcc.a(_arm_addsubsf3.o)
 .ARM.attributes
                0x000007c0       0x1d /home/ubuntu22/.local/share/stm32cube/bundles/gnu-tools-for-stm32/14.3.1+st.2/bin/../lib/gcc/arm-none-eabi/14.3.1/thumb/v7-m/nofp/libgcc.a(_arm_muldivsf3.o)
 .ARM.attributes
                0x000007dd       0x1d /home/ubuntu22/.local/share/stm32cube/bundles/gnu-tools-for-stm32/14.3.1+st.2/bin/../lib/gcc/arm-none-eabi/14.3.1/thumb/v7-m/nofp/libgcc.a(_arm_cmpsf2.o)
 .ARM.attributes
                0x000007fa       0x1d /home/ubuntu22/.local/share/stm32cube/bundles/gnu-tools-for-stm32/14.3.1+st.2/bin/../lib/gcc/arm-none-eabi/14.3.1/thumb/v7-m/nofp/libgcc.a(_arm_fixsfsi.o)
 .ARM.attributes
                0x00000817       0x1d /home/ubuntu22/.local/share/stm32cube/bundles/gnu-tools-for-stm32/14.3.1+st.2/bin/../lib/gcc/arm-none-eabi/14.3.1/thumb/v7-m/nofp/crtn.o

.comment        0x00000000       0x43
 .comment       0x00000000       0x44 /tmp/ccnKde5i.ltrans0.ltrans.o
 .comment       0x00000000       0x43 cmake/stm32cubemx/CMakeFiles/STM32_Drivers.dir/__/__/Core/Src/system_stm32f1xx.c.obj
                                 0x44 (size before relaxing)
 .comment       0x00000043       0x44 cmake/stm32cubemx/CMakeFiles/STM32_Drivers.dir/__/__/Drivers/STM32F1xx_HAL_Driver/Src/stm32f1xx_hal.c.obj
 .comment       0x00000043       0x44 cmake/stm32cubemx/CMakeFiles/STM32_Drivers.dir/__/__/Drivers/STM32F1xx_HAL_Driver/Src/stm32f1xx_hal_rcc.c.obj
 .comment       0x00000043       0x44 cmake/stm32cubemx/CMakeFiles/STM32_Drivers.dir/__/__/Drivers/STM32F1xx_HAL_Driver/Src/stm32f1xx_hal_rcc_ex.c.obj
 .comment       0x00000043       0x44 cmake/stm32cubemx/CMakeFiles/STM32_Drivers.dir/__/__/Drivers/STM32F1xx_HAL_Driver/Src/stm32f1xx_hal_gpio.c.obj
 .comment       0x00000043       0x44 cmake/stm32cubemx/CMakeFiles/STM32_Drivers.dir/__/__/Drivers/STM32F1xx_HAL_Driver/Src/stm32f1xx_hal_dma.c.obj
 .comment       0x00000043       0x44 cmake/stm32cubemx/CMakeFiles/STM32_Drivers.dir/__/__/Drivers/STM32F1xx_HAL_Driver/Src/stm32f1xx_hal_cortex.c.obj
 .comment       0x00000043       0x44 cmake/stm32cubemx/CMakeFiles/STM32_Drivers.dir/__/__/Drivers/STM32F1xx_HAL_Driver/Src/stm32f1xx_hal_flash.c.obj
 .comment       0x00000043       0x44 cmake/stm32cubemx/CMakeFiles/STM32_Drivers.dir/__/__/Drivers/STM32F1xx_HAL_Driver/Src/stm32f1xx_hal_flash_ex.c.obj
 .comment       0x00000043       0x44 cmake/stm32cubemx/CMakeFiles/STM32_Drivers.dir/__/__/Drivers/STM32F1xx_HAL_Driver/Src/stm32f1xx_hal_adc.c.obj
 .comment       0x00000043       0x44 cmake/stm32cubemx/CMakeFiles/STM32_Drivers.dir/__/__/Drivers/STM32F1xx_HAL_Driver/Src/stm32f1xx_hal_adc_ex.c.obj
 .comment       0x00000043       0x44 cmake/stm32cubemx/CMakeFiles/STM32_Drivers.dir/__/__/Drivers/STM32F1xx_HAL_Driver/Src/stm32f1xx_hal_uart.c.obj
 .comment       0x00000043       0x44 /home/ubuntu22/.local/share/stm32cube/bundles/gnu-tools-for-stm32/14.3.1+st.2/bin/../lib/gcc/arm-none-eabi/14.3.1/../../../../arm-none-eabi/lib/thumb/v7-m/nofp/libg_nano.a(libc_a-strtoul.o)
 .comment       0x00000043       0x44 /home/ubuntu22/.local/share/stm32cube/bundles/gnu-tools-for-stm32/14.3.1+st.2/bin/../lib/gcc/arm-none-eabi/14.3.1/../../../../arm-none-eabi/lib/thumb/v7-m/nofp/libg_nano.a(libc_a-ctype_.o)
 .comment       0x00000043       0x44 /home/ubuntu22/.local/share/stm32cube/bundles/gnu-tools-for-stm32/14.3.1+st.2/bin/../lib/gcc/arm-none-eabi/14.3.1/../../../../arm-none-eabi/lib/thumb/v7-m/nofp/libg_nano.a(libc_a-findfp.o)
 .comment       0x00000043       0x44 /home/ubuntu22/.local/share/stm32cube/bundles/gnu-tools-for-stm32/14.3.1+st.2/bin/../lib/gcc/arm-none-eabi/14.3.1/../../../../arm-none-eabi/lib/thumb/v7-m/nofp/libg_nano.a(libc_a-memset.o)
 .comment       0x00000043       0x44 /home/ubuntu22/.local/share/stm32cube/bundles/gnu-tools-for-stm32/14.3.1+st.2/bin/../lib/gcc/arm-none-eabi/14.3.1/../../../../arm-none-eabi/lib/thumb/v7-m/nofp/libg_nano.a(libc_a-strtok_r.o)
 .comment       0x00000043       0x44 /home/ubuntu22/.local/share/stm32cube/bundles/gnu-tools-for-stm32/14.3.1+st.2/bin/../lib/gcc/arm-none-eabi/14.3.1/../../../../arm-none-eabi/lib/thumb/v7-m/nofp/libg_nano.a(libc_a-reent.o)
 .comment       0x00000043       0x44 /home/ubuntu22/.local/share/stm32cube/bundles/gnu-tools-for-stm32/14.3.1+st.2/bin/../lib/gcc/arm-none-eabi/14.3.1/../../../../arm-none-eabi/lib/thumb/v7-m/nofp/libg_nano.a(libc_a-impure.o)
 .comment       0x00000043       0x44 /home/ubuntu22/.local/share/stm32cube/bundles/gnu-tools-for-stm32/14.3.1+st.2/bin/../lib/gcc/arm-none-eabi/14.3.1/../../../../arm-none-eabi/lib/thumb/v7-m/nofp/libg_nano.a(libc_a-errno.o)
 .comment       0x00000043       0x44 /home/ubuntu22/.local/share/stm32cube/bundles/gnu-tools-for-stm32/14.3.1+st.2/bin/../lib/gcc/arm-none-eabi/14.3.1/../../../../arm-none-eabi/lib/thumb/v7-m/nofp/libg_nano.a(libc_a-init.o)
 .comment       0x00000043       0x44 /home/ubuntu22/.local/share/stm32cube/bundles/gnu-tools-for-stm32/14.3.1+st.2/bin/../lib/gcc/arm-none-eabi/14.3.1/../../../../arm-none-eabi/lib/thumb/v7-m/nofp/libg_nano.a(libc_a-lock.o)
 .comment       0x00000043       0x44 /home/ubuntu22/.local/share/stm32cube/bundles/gnu-tools-for-stm32/14.3.1+st.2/bin/../lib/gcc/arm-none-eabi/14.3.1/../../../../arm-none-eabi/lib/thumb/v7-m/nofp/libg_nano.a(libc_a-freer.o)
 .comment       0x00000043       0x44 /home/ubuntu22/.local/share/stm32cube/bundles/gnu-tools-for-stm32/14.3.1+st.2/bin/../lib/gcc/arm-none-eabi/14.3.1/../../../../arm-none-eabi/lib/thumb/v7-m/nofp/libg_nano.a(libc_a-mallocr.o)
 .comment       0x00000043       0x44 /home/ubuntu22/.local/share/stm32cube/bundles/gnu-tools-for-stm32/14.3.1+st.2/bin/../lib/gcc/arm-none-eabi/14.3.1/../../../../arm-none-eabi/lib/thumb/v7-m/nofp/libg_nano.a(libc_a-mlock.o)
 .comment       0x00000043       0x44 /home/ubuntu22/.local/share/stm32cube/bundles/gnu-tools-for-stm32/14.3.1+st.2/bin/../lib/gcc/arm-none-eabi/14.3.1/../../../../arm-none-eabi/lib/thumb/v7-m/nofp/libg_nano.a(libc_a-sbrkr.o)
 .comment       0x00000043       0x44 /home/ubuntu22/.local/share/stm32cube/bundles/gnu-tools-for-stm32/14.3.1+st.2/bin/../lib/gcc/arm-none-eabi/14.3.1/../../../../arm-none-eabi/lib/thumb/v7-m/nofp/libg_nano.a(libc_a-snprintf.o)
 .comment       0x00000043       0x44 /home/ubuntu22/.local/share/stm32cube/bundles/gnu-tools-for-stm32/14.3.1+st.2/bin/../lib/gcc/arm-none-eabi/14.3.1/../../../../arm-none-eabi/lib/thumb/v7-m/nofp/libg_nano.a(libc_a-memmove.o)
 .comment       0x00000043       0x44 /home/ubuntu22/.local/share/stm32cube/bundles/gnu-tools-for-stm32/14.3.1+st.2/bin/../lib/gcc/arm-none-eabi/14.3.1/../../../../arm-none-eabi/lib/thumb/v7-m/nofp/libg_nano.a(libc_a-strchr.o)
 .comment       0x00000043       0x44 /home/ubuntu22/.local/share/stm32cube/bundles/gnu-tools-for-stm32/14.3.1+st.2/bin/../lib/gcc/arm-none-eabi/14.3.1/../../../../arm-none-eabi/lib/thumb/v7-m/nofp/libg_nano.a(libc_a-strncmp.o)
 .comment       0x00000043       0x44 /home/ubuntu22/.local/share/stm32cube/bundles/gnu-tools-for-stm32/14.3.1+st.2/bin/../lib/gcc/arm-none-eabi/14.3.1/../../../../arm-none-eabi/lib/thumb/v7-m/nofp/libg_nano.a(libc_a-strncpy.o)
 .comment       0x00000043       0x44 /home/ubuntu22/.local/share/stm32cube/bundles/gnu-tools-for-stm32/14.3.1+st.2/bin/../lib/gcc/arm-none-eabi/14.3.1/../../../../arm-none-eabi/lib/thumb/v7-m/nofp/libg_nano.a(libc_a-strstr.o)
 .comment       0x00000043       0x44 /home/ubuntu22/.local/share/stm32cube/bundles/gnu-tools-for-stm32/14.3.1+st.2/bin/../lib/gcc/arm-none-eabi/14.3.1/../../../../arm-none-eabi/lib/thumb/v7-m/nofp/libg_nano.a(libc_a-strcpy.o)
 .comment       0x00000043       0x44 /home/ubuntu22/.local/share/stm32cube/bundles/gnu-tools-for-stm32/14.3.1+st.2/bin/../lib/gcc/arm-none-eabi/14.3.1/../../../../arm-none-eabi/lib/thumb/v7-m/nofp/libg_nano.a(libc_a-memcpy-stub.o)
 .comment       0x00000043       0x44 /home/ubuntu22/.local/share/stm32cube/bundles/gnu-tools-for-stm32/14.3.1+st.2/bin/../lib/gcc/arm-none-eabi/14.3.1/../../../../arm-none-eabi/lib/thumb/v7-m/nofp/libg_nano.a(libc_a-nano-svfprintf.o)
 .comment       0x00000043       0x44 /home/ubuntu22/.local/share/stm32cube/bundles/gnu-tools-for-stm32/14.3.1+st.2/bin/../lib/gcc/arm-none-eabi/14.3.1/../../../../arm-none-eabi/lib/thumb/v7-m/nofp/libg_nano.a(libc_a-nano-vfprintf_i.o)
 .comment       0x00000043       0x44 /home/ubuntu22/.local/share/stm32cube/bundles/gnu-tools-for-stm32/14.3.1+st.2/bin/../lib/gcc/arm-none-eabi/14.3.1/../../../../arm-none-eabi/lib/thumb/v7-m/nofp/libg_nano.a(libc_a-memchr-stub.o)
 .comment       0x00000043       0x44 /home/ubuntu22/.local/share/stm32cube/bundles/gnu-tools-for-stm32/14.3.1+st.2/bin/../lib/gcc/arm-none-eabi/14.3.1/../../../../arm-none-eabi/lib/thumb/v7-m/nofp/libg_nano.a(libc_a-reallocr.o)
 .comment       0x00000043       0x44 /home/ubuntu22/.local/share/stm32cube/bundles/gnu-tools-for-stm32/14.3.1+st.2/bin/../lib/gcc/arm-none-eabi/14.3.1/../../../../arm-none-eabi/lib/thumb/v7-m/nofp/libg_nano.a(libc_a-msizer.o)

.debug_info     0x00000000     0x9a87
 .debug_info    0x00000000      0xce3 /home/ubuntu22/.local/share/stm32cube/bundles/gnu-tools-for-stm32/14.3.1+st.2/bin/../lib/gcc/arm-none-eabi/14.3.1/../../../../arm-none-eabi/lib/thumb/v7-m/nofp/libg_nano.a(libc_a-strtoul.o)
 .debug_info    0x00000ce3       0xb9 /home/ubuntu22/.local/share/stm32cube/bundles/gnu-tools-for-stm32/14.3.1+st.2/bin/../lib/gcc/arm-none-eabi/14.3.1/../../../../arm-none-eabi/lib/thumb/v7-m/nofp/libg_nano.a(libc_a-ctype_.o)
 .debug_info    0x00000d9c      0xfb2 /home/ubuntu22/.local/share/stm32cube/bundles/gnu-tools-for-stm32/14.3.1+st.2/bin/../lib/gcc/arm-none-eabi/14.3.1/../../../../arm-none-eabi/lib/thumb/v7-m/nofp/libg_nano.a(libc_a-findfp.o)
 .debug_info    0x00001d4e       0xe0 /home/ubuntu22/.local/share/stm32cube/bundles/gnu-tools-for-stm32/14.3.1+st.2/bin/../lib/gcc/arm-none-eabi/14.3.1/../../../../arm-none-eabi/lib/thumb/v7-m/nofp/libg_nano.a(libc_a-memset.o)
 .debug_info    0x00001e2e      0x1ab /home/ubuntu22/.local/share/stm32cube/bundles/gnu-tools-for-stm32/14.3.1+st.2/bin/../lib/gcc/arm-none-eabi/14.3.1/../../../../arm-none-eabi/lib/thumb/v7-m/nofp/libg_nano.a(libc_a-strtok_r.o)
 .debug_info    0x00001fd9      0x8a1 /home/ubuntu22/.local/share/stm32cube/bundles/gnu-tools-for-stm32/14.3.1+st.2/bin/../lib/gcc/arm-none-eabi/14.3.1/../../../../arm-none-eabi/lib/thumb/v7-m/nofp/libg_nano.a(libc_a-reent.o)
 .debug_info    0x0000287a      0x715 /home/ubuntu22/.local/share/stm32cube/bundles/gnu-tools-for-stm32/14.3.1+st.2/bin/../lib/gcc/arm-none-eabi/14.3.1/../../../../arm-none-eabi/lib/thumb/v7-m/nofp/libg_nano.a(libc_a-impure.o)
 .debug_info    0x00002f8f      0x6fb /home/ubuntu22/.local/share/stm32cube/bundles/gnu-tools-for-stm32/14.3.1+st.2/bin/../lib/gcc/arm-none-eabi/14.3.1/../../../../arm-none-eabi/lib/thumb/v7-m/nofp/libg_nano.a(libc_a-errno.o)
 .debug_info    0x0000368a      0x10b /home/ubuntu22/.local/share/stm32cube/bundles/gnu-tools-for-stm32/14.3.1+st.2/bin/../lib/gcc/arm-none-eabi/14.3.1/../../../../arm-none-eabi/lib/thumb/v7-m/nofp/libg_nano.a(libc_a-init.o)
 .debug_info    0x00003795      0x218 /home/ubuntu22/.local/share/stm32cube/bundles/gnu-tools-for-stm32/14.3.1+st.2/bin/../lib/gcc/arm-none-eabi/14.3.1/../../../../arm-none-eabi/lib/thumb/v7-m/nofp/libg_nano.a(libc_a-lock.o)
 .debug_info    0x000039ad      0x851 /home/ubuntu22/.local/share/stm32cube/bundles/gnu-tools-for-stm32/14.3.1+st.2/bin/../lib/gcc/arm-none-eabi/14.3.1/../../../../arm-none-eabi/lib/thumb/v7-m/nofp/libg_nano.a(libc_a-freer.o)
 .debug_info    0x000041fe      0x9bc /home/ubuntu22/.local/share/stm32cube/bundles/gnu-tools-for-stm32/14.3.1+st.2/bin/../lib/gcc/arm-none-eabi/14.3.1/../../../../arm-none-eabi/lib/thumb/v7-m/nofp/libg_nano.a(libc_a-mallocr.o)
 .debug_info    0x00004bba      0x76b /home/ubuntu22/.local/share/stm32cube/bundles/gnu-tools-for-stm32/14.3.1+st.2/bin/../lib/gcc/arm-none-eabi/14.3.1/../../../../arm-none-eabi/lib/thumb/v7-m/nofp/libg_nano.a(libc_a-mlock.o)
 .debug_info    0x00005325      0x782 /home/ubuntu22/.local/share/stm32cube/bundles/gnu-tools-for-stm32/14.3.1+st.2/bin/../lib/gcc/arm-none-eabi/14.3.1/../../../../arm-none-eabi/lib/thumb/v7-m/nofp/libg_nano.a(libc_a-sbrkr.o)
 .debug_info    0x00005aa7      0x8b9 /home/ubuntu22/.local/share/stm32cube/bundles/gnu-tools-for-stm32/14.3.1+st.2/bin/../lib/gcc/arm-none-eabi/14.3.1/../../../../arm-none-eabi/lib/thumb/v7-m/nofp/libg_nano.a(libc_a-snprintf.o)
 .debug_info    0x00006360      0x10f /home/ubuntu22/.local/share/stm32cube/bundles/gnu-tools-for-stm32/14.3.1+st.2/bin/../lib/gcc/arm-none-eabi/14.3.1/../../../../arm-none-eabi/lib/thumb/v7-m/nofp/libg_nano.a(libc_a-memmove.o)
 .debug_info    0x0000646f       0xf4 /home/ubuntu22/.local/share/stm32cube/bundles/gnu-tools-for-stm32/14.3.1+st.2/bin/../lib/gcc/arm-none-eabi/14.3.1/../../../../arm-none-eabi/lib/thumb/v7-m/nofp/libg_nano.a(libc_a-strchr.o)
 .debug_info    0x00006563       0xde /home/ubuntu22/.local/share/stm32cube/bundles/gnu-tools-for-stm32/14.3.1+st.2/bin/../lib/gcc/arm-none-eabi/14.3.1/../../../../arm-none-eabi/lib/thumb/v7-m/nofp/libg_nano.a(libc_a-strncmp.o)
 .debug_info    0x00006641      0x111 /home/ubuntu22/.local/share/stm32cube/bundles/gnu-tools-for-stm32/14.3.1+st.2/bin/../lib/gcc/arm-none-eabi/14.3.1/../../../../arm-none-eabi/lib/thumb/v7-m/nofp/libg_nano.a(libc_a-strncpy.o)
 .debug_info    0x00006752       0xe9 /home/ubuntu22/.local/share/stm32cube/bundles/gnu-tools-for-stm32/14.3.1+st.2/bin/../lib/gcc/arm-none-eabi/14.3.1/../../../../arm-none-eabi/lib/thumb/v7-m/nofp/libg_nano.a(libc_a-strstr.o)
 .debug_info    0x0000683b       0x31 /home/ubuntu22/.local/share/stm32cube/bundles/gnu-tools-for-stm32/14.3.1+st.2/bin/../lib/gcc/arm-none-eabi/14.3.1/../../../../arm-none-eabi/lib/thumb/v7-m/nofp/libg_nano.a(libc_a-strcmp.o)
 .debug_info    0x0000686c       0xc3 /home/ubuntu22/.local/share/stm32cube/bundles/gnu-tools-for-stm32/14.3.1+st.2/bin/../lib/gcc/arm-none-eabi/14.3.1/../../../../arm-none-eabi/lib/thumb/v7-m/nofp/libg_nano.a(libc_a-strcpy.o)
 .debug_info    0x0000692f      0x121 /home/ubuntu22/.local/share/stm32cube/bundles/gnu-tools-for-stm32/14.3.1+st.2/bin/../lib/gcc/arm-none-eabi/14.3.1/../../../../arm-none-eabi/lib/thumb/v7-m/nofp/libg_nano.a(libc_a-memcpy-stub.o)
 .debug_info    0x00006a50       0x31 /home/ubuntu22/.local/share/stm32cube/bundles/gnu-tools-for-stm32/14.3.1+st.2/bin/../lib/gcc/arm-none-eabi/14.3.1/../../../../arm-none-eabi/lib/thumb/v7-m/nofp/libg_nano.a(libc_a-strlen.o)
 .debug_info    0x00006a81     0x10b3 /home/ubuntu22/.local/share/stm32cube/bundles/gnu-tools-for-stm32/14.3.1+st.2/bin/../lib/gcc/arm-none-eabi/14.3.1/../../../../arm-none-eabi/lib/thumb/v7-m/nofp/libg_nano.a(libc_a-nano-svfprintf.o)
 .debug_info    0x00007b34      0xde2 /home/ubuntu22/.local/share/stm32cube/bundles/gnu-tools-for-stm32/14.3.1+st.2/bin/../lib/gcc/arm-none-eabi/14.3.1/../../../../arm-none-eabi/lib/thumb/v7-m/nofp/libg_nano.a(libc_a-nano-vfprintf_i.o)
 .debug_info    0x00008916      0x110 /home/ubuntu22/.local/share/stm32cube/bundles/gnu-tools-for-stm32/14.3.1+st.2/bin/../lib/gcc/arm-none-eabi/14.3.1/../../../../arm-none-eabi/lib/thumb/v7-m/nofp/libg_nano.a(libc_a-memchr-stub.o)
 .debug_info    0x00008a26      0x8cd /home/ubuntu22/.local/share/stm32cube/bundles/gnu-tools-for-stm32/14.3.1+st.2/bin/../lib/gcc/arm-none-eabi/14.3.1/../../../../arm-none-eabi/lib/thumb/v7-m/nofp/libg_nano.a(libc_a-reallocr.o)
 .debug_info    0x000092f3      0x794 /home/ubuntu22/.local/share/stm32cube/bundles/gnu-tools-for-stm32/14.3.1+st.2/bin/../lib/gcc/arm-none-eabi/14.3.1/../../../../arm-none-eabi/lib/thumb/v7-m/nofp/libg_nano.a(libc_a-msizer.o)

.debug_abbrev   0x00000000     0x284b
 .debug_abbrev  0x00000000      0x2c0 /home/ubuntu22/.local/share/stm32cube/bundles/gnu-tools-for-stm32/14.3.1+st.2/bin/../lib/gcc/arm-none-eabi/14.3.1/../../../../arm-none-eabi/lib/thumb/v7-m/nofp/libg_nano.a(libc_a-strtoul.o)
 .debug_abbrev  0x000002c0       0x62 /home/ubuntu22/.local/share/stm32cube/bundles/gnu-tools-for-stm32/14.3.1+st.2/bin/../lib/gcc/arm-none-eabi/14.3.1/../../../../arm-none-eabi/lib/thumb/v7-m/nofp/libg_nano.a(libc_a-ctype_.o)
 .debug_abbrev  0x00000322      0x424 /home/ubuntu22/.local/share/stm32cube/bundles/gnu-tools-for-stm32/14.3.1+st.2/bin/../lib/gcc/arm-none-eabi/14.3.1/../../../../arm-none-eabi/lib/thumb/v7-m/nofp/libg_nano.a(libc_a-findfp.o)
 .debug_abbrev  0x00000746       0x9e /home/ubuntu22/.local/share/stm32cube/bundles/gnu-tools-for-stm32/14.3.1+st.2/bin/../lib/gcc/arm-none-eabi/14.3.1/../../../../arm-none-eabi/lib/thumb/v7-m/nofp/libg_nano.a(libc_a-memset.o)
 .debug_abbrev  0x000007e4      0x110 /home/ubuntu22/.local/share/stm32cube/bundles/gnu-tools-for-stm32/14.3.1+st.2/bin/../lib/gcc/arm-none-eabi/14.3.1/../../../../arm-none-eabi/lib/thumb/v7-m/nofp/libg_nano.a(libc_a-strtok_r.o)
 .debug_abbrev  0x000008f4      0x1f7 /home/ubuntu22/.local/share/stm32cube/bundles/gnu-tools-for-stm32/14.3.1+st.2/bin/../lib/gcc/arm-none-eabi/14.3.1/../../../../arm-none-eabi/lib/thumb/v7-m/nofp/libg_nano.a(libc_a-reent.o)
 .debug_abbrev  0x00000aeb      0x149 /home/ubuntu22/.local/share/stm32cube/bundles/gnu-tools-for-stm32/14.3.1+st.2/bin/../lib/gcc/arm-none-eabi/14.3.1/../../../../arm-none-eabi/lib/thumb/v7-m/nofp/libg_nano.a(libc_a-impure.o)
 .debug_abbrev  0x00000c34      0x15e /home/ubuntu22/.local/share/stm32cube/bundles/gnu-tools-for-stm32/14.3.1+st.2/bin/../lib/gcc/arm-none-eabi/14.3.1/../../../../arm-none-eabi/lib/thumb/v7-m/nofp/libg_nano.a(libc_a-errno.o)
 .debug_abbrev  0x00000d92       0xc9 /home/ubuntu22/.local/share/stm32cube/bundles/gnu-tools-for-stm32/14.3.1+st.2/bin/../lib/gcc/arm-none-eabi/14.3.1/../../../../arm-none-eabi/lib/thumb/v7-m/nofp/libg_nano.a(libc_a-init.o)
 .debug_abbrev  0x00000e5b      0x115 /home/ubuntu22/.local/share/stm32cube/bundles/gnu-tools-for-stm32/14.3.1+st.2/bin/../lib/gcc/arm-none-eabi/14.3.1/../../../../arm-none-eabi/lib/thumb/v7-m/nofp/libg_nano.a(libc_a-lock.o)
 .debug_abbrev  0x00000f70      0x236 /home/ubuntu22/.local/share/stm32cube/bundles/gnu-tools-for-stm32/14.3.1+st.2/bin/../lib/gcc/arm-none-eabi/14.3.1/../../../../arm-none-eabi/lib/thumb/v7-m/nofp/libg_nano.a(libc_a-freer.o)
 .debug_abbrev  0x000011a6      0x24a /home/ubuntu22/.local/share/stm32cube/bundles/gnu-tools-for-stm32/14.3.1+st.2/bin/../lib/gcc/arm-none-eabi/14.3.1/../../../../arm-none-eabi/lib/thumb/v7-m/nofp/libg_nano.a(libc_a-mallocr.o)
 .debug_abbrev  0x000013f0      0x1bf /home/ubuntu22/.local/share/stm32cube/bundles/gnu-tools-for-stm32/14.3.1+st.2/bin/../lib/gcc/arm-none-eabi/14.3.1/../../../../arm-none-eabi/lib/thumb/v7-m/nofp/libg_nano.a(libc_a-mlock.o)
 .debug_abbrev  0x000015af      0x1da /home/ubuntu22/.local/share/stm32cube/bundles/gnu-tools-for-stm32/14.3.1+st.2/bin/../lib/gcc/arm-none-eabi/14.3.1/../../../../arm-none-eabi/lib/thumb/v7-m/nofp/libg_nano.a(libc_a-sbrkr.o)
 .debug_abbrev  0x00001789      0x231 /home/ubuntu22/.local/share/stm32cube/bundles/gnu-tools-for-stm32/14.3.1+st.2/bin/../lib/gcc/arm-none-eabi/14.3.1/../../../../arm-none-eabi/lib/thumb/v7-m/nofp/libg_nano.a(libc_a-snprintf.o)
 .debug_abbrev  0x000019ba       0xac /home/ubuntu22/.local/share/stm32cube/bundles/gnu-tools-for-stm32/14.3.1+st.2/bin/../lib/gcc/arm-none-eabi/14.3.1/../../../../arm-none-eabi/lib/thumb/v7-m/nofp/libg_nano.a(libc_a-memmove.o)
 .debug_abbrev  0x00001a66       0x82 /home/ubuntu22/.local/share/stm32cube/bundles/gnu-tools-for-stm32/14.3.1+st.2/bin/../lib/gcc/arm-none-eabi/14.3.1/../../../../arm-none-eabi/lib/thumb/v7-m/nofp/libg_nano.a(libc_a-strchr.o)